MAP
    CONFIG     "MS_ERRORFILE" "../logs/lucky.log"
    DEBUG      5
    NAME       lucky
    STATUS     ON
    SIZE       600 400
	#   SYMBOLSET "./symbols/symbols35.sym"
	#   FONTSET   "./fonts/fonts.list"
    EXTENT -180 -90 180 90 # World
	#   UNITS DEGREES
    IMAGECOLOR 255 255 255

    WEB
        IMAGEPATH "./tmp"
        IMAGEURL "/tmp/"
        METADATA
            "ows_enable_request"     "*"
            "wms_title"              "NEMAC OWS Server"
            "wms_abstract"           "NEMAC OWS Server"
            "wms_onlineresource"     "%(SERVICE_URL)s"
            "wms_srs"                "EPSG:4326 EPSG:3785"
        END
    END

    PROJECTION
		"init=epsg:4326"
    END
    LAYER
        NAME     large-integral-2009
        TYPE     RASTER
        DUMP     TRUE
        STATUS   OFF
        DATA     /flood/MODIS/CONUS_Phenological_Parameters2/2009/mcd13tqk_a2009_phenparams_large_integral.img
        HEADER   ./templates/layer_query_header.html
        TEMPLATE ./templates/layer_query_body.html
		
        INCLUDE "cmaps/mcd13tqk_a2009_phenparams_large_integral.cmap"

        PROJECTION
			"+proj=laea"
			"+lat_0=45"
			"+lon_0=-100"
			"+x_0=0"
			"+y_0=0"
			"+a=6370997"
			"+b=6370997"
			"+units=m"
			"+no_defs"
        END
        METADATA
            "wms_title"                  "National Phenological Dataset"
            "wms_abstract"               "National Phenological Dataset"
        END  # end METADATA
    END # end LAYER
    LAYER
        NAME     qc-flags-2009
        TYPE     RASTER
        DUMP     TRUE
        STATUS   OFF
        DATA     /flood/MODIS/CONUS_Phenological_Parameters2/2009/mcd13tqk_a2009_phenparams_qc_flags.img
        HEADER   ./templates/layer_query_header.html
        TEMPLATE ./templates/layer_query_body.html
		
        INCLUDE "cmaps/mcd13tqk_a2009_phenparams_qc_flags.cmap"

        PROJECTION
			"+proj=laea"
			"+lat_0=45"
			"+lon_0=-100"
			"+x_0=0"
			"+y_0=0"
			"+a=6370997"
			"+b=6370997"
			"+units=m"
			"+no_defs"
        END
        METADATA
            "wms_title"                  "National Phenological Dataset"
            "wms_abstract"               "National Phenological Dataset"
        END  # end METADATA
    END # end LAYER
    LAYER
        NAME     left-pos-20pct-2009
        TYPE     RASTER
        DUMP     TRUE
        STATUS   OFF
        DATA     /flood/MODIS/CONUS_Phenological_Parameters2/2009/mcd13tqk_a2009_phenparams_season_20pct_position_left.img
        HEADER   ./templates/layer_query_header.html
        TEMPLATE ./templates/layer_query_body.html
		
        INCLUDE "cmaps/mcd13tqk_a2009_phenparams_season_20pct_position_left.cmap"

        PROJECTION
			"+proj=laea"
			"+lat_0=45"
			"+lon_0=-100"
			"+x_0=0"
			"+y_0=0"
			"+a=6370997"
			"+b=6370997"
			"+units=m"
			"+no_defs"
        END
        METADATA
            "wms_title"                  "National Phenological Dataset"
            "wms_abstract"               "National Phenological Dataset"
        END  # end METADATA
    END # end LAYER
    LAYER
        NAME     right-pos-20pct-2009
        TYPE     RASTER
        DUMP     TRUE
        STATUS   OFF
        DATA     /flood/MODIS/CONUS_Phenological_Parameters2/2009/mcd13tqk_a2009_phenparams_season_20pct_position_right.img
        HEADER   ./templates/layer_query_header.html
        TEMPLATE ./templates/layer_query_body.html
		
        INCLUDE "cmaps/mcd13tqk_a2009_phenparams_season_20pct_position_right.cmap"

        PROJECTION
			"+proj=laea"
			"+lat_0=45"
			"+lon_0=-100"
			"+x_0=0"
			"+y_0=0"
			"+a=6370997"
			"+b=6370997"
			"+units=m"
			"+no_defs"
        END
        METADATA
            "wms_title"                  "National Phenological Dataset"
            "wms_abstract"               "National Phenological Dataset"
        END  # end METADATA
    END # end LAYER
    LAYER
        NAME     left-val-20pct-2009
        TYPE     RASTER
        DUMP     TRUE
        STATUS   OFF
        DATA     /flood/MODIS/CONUS_Phenological_Parameters2/2009/mcd13tqk_a2009_phenparams_season_20pct_value_left.img
        HEADER   ./templates/layer_query_header.html
        TEMPLATE ./templates/layer_query_body.html
		
        INCLUDE "cmaps/mcd13tqk_a2009_phenparams_season_20pct_value_left.cmap"

        PROJECTION
			"+proj=laea"
			"+lat_0=45"
			"+lon_0=-100"
			"+x_0=0"
			"+y_0=0"
			"+a=6370997"
			"+b=6370997"
			"+units=m"
			"+no_defs"
        END
        METADATA
            "wms_title"                  "National Phenological Dataset"
            "wms_abstract"               "National Phenological Dataset"
        END  # end METADATA
    END # end LAYER
    LAYER
        NAME     right-val-20pct-2009
        TYPE     RASTER
        DUMP     TRUE
        STATUS   OFF
        DATA     /flood/MODIS/CONUS_Phenological_Parameters2/2009/mcd13tqk_a2009_phenparams_season_20pct_value_right.img
        HEADER   ./templates/layer_query_header.html
        TEMPLATE ./templates/layer_query_body.html
		
        INCLUDE "cmaps/mcd13tqk_a2009_phenparams_season_20pct_value_right.cmap"

        PROJECTION
			"+proj=laea"
			"+lat_0=45"
			"+lon_0=-100"
			"+x_0=0"
			"+y_0=0"
			"+a=6370997"
			"+b=6370997"
			"+units=m"
			"+no_defs"
        END
        METADATA
            "wms_title"                  "National Phenological Dataset"
            "wms_abstract"               "National Phenological Dataset"
        END  # end METADATA
    END # end LAYER
    LAYER
        NAME     left-pos-80pct-2009
        TYPE     RASTER
        DUMP     TRUE
        STATUS   OFF
        DATA     /flood/MODIS/CONUS_Phenological_Parameters2/2009/mcd13tqk_a2009_phenparams_season_80pct_position_left.img
        HEADER   ./templates/layer_query_header.html
        TEMPLATE ./templates/layer_query_body.html
		
        INCLUDE "cmaps/mcd13tqk_a2009_phenparams_season_80pct_position_left.cmap"

        PROJECTION
			"+proj=laea"
			"+lat_0=45"
			"+lon_0=-100"
			"+x_0=0"
			"+y_0=0"
			"+a=6370997"
			"+b=6370997"
			"+units=m"
			"+no_defs"
        END
        METADATA
            "wms_title"                  "National Phenological Dataset"
            "wms_abstract"               "National Phenological Dataset"
        END  # end METADATA
    END # end LAYER
    LAYER
        NAME     right-pos-80pct-2009
        TYPE     RASTER
        DUMP     TRUE
        STATUS   OFF
        DATA     /flood/MODIS/CONUS_Phenological_Parameters2/2009/mcd13tqk_a2009_phenparams_season_80pct_position_right.img
        HEADER   ./templates/layer_query_header.html
        TEMPLATE ./templates/layer_query_body.html
		
        INCLUDE "cmaps/mcd13tqk_a2009_phenparams_season_80pct_position_right.cmap"

        PROJECTION
			"+proj=laea"
			"+lat_0=45"
			"+lon_0=-100"
			"+x_0=0"
			"+y_0=0"
			"+a=6370997"
			"+b=6370997"
			"+units=m"
			"+no_defs"
        END
        METADATA
            "wms_title"                  "National Phenological Dataset"
            "wms_abstract"               "National Phenological Dataset"
        END  # end METADATA
    END # end LAYER
    LAYER
        NAME     left-val-80pct-2009
        TYPE     RASTER
        DUMP     TRUE
        STATUS   OFF
        DATA     /flood/MODIS/CONUS_Phenological_Parameters2/2009/mcd13tqk_a2009_phenparams_season_80pct_value_left.img
        HEADER   ./templates/layer_query_header.html
        TEMPLATE ./templates/layer_query_body.html
		
        INCLUDE "cmaps/mcd13tqk_a2009_phenparams_season_80pct_value_left.cmap"

        PROJECTION
			"+proj=laea"
			"+lat_0=45"
			"+lon_0=-100"
			"+x_0=0"
			"+y_0=0"
			"+a=6370997"
			"+b=6370997"
			"+units=m"
			"+no_defs"
        END
        METADATA
            "wms_title"                  "National Phenological Dataset"
            "wms_abstract"               "National Phenological Dataset"
        END  # end METADATA
    END # end LAYER
    LAYER
        NAME     right-val-80pct-2009
        TYPE     RASTER
        DUMP     TRUE
        STATUS   OFF
        DATA     /flood/MODIS/CONUS_Phenological_Parameters2/2009/mcd13tqk_a2009_phenparams_season_80pct_value_right.img
        HEADER   ./templates/layer_query_header.html
        TEMPLATE ./templates/layer_query_body.html
		
        INCLUDE "cmaps/mcd13tqk_a2009_phenparams_season_80pct_value_right.cmap"

        PROJECTION
			"+proj=laea"
			"+lat_0=45"
			"+lon_0=-100"
			"+x_0=0"
			"+y_0=0"
			"+a=6370997"
			"+b=6370997"
			"+units=m"
			"+no_defs"
        END
        METADATA
            "wms_title"                  "National Phenological Dataset"
            "wms_abstract"               "National Phenological Dataset"
        END  # end METADATA
    END # end LAYER
    LAYER
        NAME     max-ndvi-pos-2009
        TYPE     RASTER
        DUMP     TRUE
        STATUS   OFF
        DATA     /flood/MODIS/CONUS_Phenological_Parameters2/2009/mcd13tqk_a2009_phenparams_season_max_ndvi_position.img
        HEADER   ./templates/layer_query_header.html
        TEMPLATE ./templates/layer_query_body.html
		
        INCLUDE "cmaps/mcd13tqk_a2009_phenparams_season_max_ndvi_position.cmap"

        PROJECTION
			"+proj=laea"
			"+lat_0=45"
			"+lon_0=-100"
			"+x_0=0"
			"+y_0=0"
			"+a=6370997"
			"+b=6370997"
			"+units=m"
			"+no_defs"
        END
        METADATA
            "wms_title"                  "National Phenological Dataset"
            "wms_abstract"               "National Phenological Dataset"
        END  # end METADATA
    END # end LAYER
    LAYER
        NAME     max-ndvi-val-2009
        TYPE     RASTER
        DUMP     TRUE
        STATUS   OFF
        DATA     /flood/MODIS/CONUS_Phenological_Parameters2/2009/mcd13tqk_a2009_phenparams_season_max_ndvi_value.img
        HEADER   ./templates/layer_query_header.html
        TEMPLATE ./templates/layer_query_body.html
		
        INCLUDE "cmaps/mcd13tqk_a2009_phenparams_season_max_ndvi_value.cmap"

        PROJECTION
			"+proj=laea"
			"+lat_0=45"
			"+lon_0=-100"
			"+x_0=0"
			"+y_0=0"
			"+a=6370997"
			"+b=6370997"
			"+units=m"
			"+no_defs"
        END
        METADATA
            "wms_title"                  "National Phenological Dataset"
            "wms_abstract"               "National Phenological Dataset"
        END  # end METADATA
    END # end LAYER
    LAYER
        NAME     min-pos-left-2009
        TYPE     RASTER
        DUMP     TRUE
        STATUS   OFF
        DATA     /flood/MODIS/CONUS_Phenological_Parameters2/2009/mcd13tqk_a2009_phenparams_season_min_position_left.img
        HEADER   ./templates/layer_query_header.html
        TEMPLATE ./templates/layer_query_body.html
		
        INCLUDE "cmaps/mcd13tqk_a2009_phenparams_season_min_position_left.cmap"

        PROJECTION
			"+proj=laea"
			"+lat_0=45"
			"+lon_0=-100"
			"+x_0=0"
			"+y_0=0"
			"+a=6370997"
			"+b=6370997"
			"+units=m"
			"+no_defs"
        END
        METADATA
            "wms_title"                  "National Phenological Dataset"
            "wms_abstract"               "National Phenological Dataset"
        END  # end METADATA
    END # end LAYER
    LAYER
        NAME     min-pos-right-2009
        TYPE     RASTER
        DUMP     TRUE
        STATUS   OFF
        DATA     /flood/MODIS/CONUS_Phenological_Parameters2/2009/mcd13tqk_a2009_phenparams_season_min_position_right.img
        HEADER   ./templates/layer_query_header.html
        TEMPLATE ./templates/layer_query_body.html
		
        INCLUDE "cmaps/mcd13tqk_a2009_phenparams_season_min_position_right.cmap"

        PROJECTION
			"+proj=laea"
			"+lat_0=45"
			"+lon_0=-100"
			"+x_0=0"
			"+y_0=0"
			"+a=6370997"
			"+b=6370997"
			"+units=m"
			"+no_defs"
        END
        METADATA
            "wms_title"                  "National Phenological Dataset"
            "wms_abstract"               "National Phenological Dataset"
        END  # end METADATA
    END # end LAYER
    LAYER
        NAME     min-val-left-2009
        TYPE     RASTER
        DUMP     TRUE
        STATUS   OFF
        DATA     /flood/MODIS/CONUS_Phenological_Parameters2/2009/mcd13tqk_a2009_phenparams_season_min_value_left.img
        HEADER   ./templates/layer_query_header.html
        TEMPLATE ./templates/layer_query_body.html
		
        INCLUDE "cmaps/mcd13tqk_a2009_phenparams_season_min_value_left.cmap"

        PROJECTION
			"+proj=laea"
			"+lat_0=45"
			"+lon_0=-100"
			"+x_0=0"
			"+y_0=0"
			"+a=6370997"
			"+b=6370997"
			"+units=m"
			"+no_defs"
        END
        METADATA
            "wms_title"                  "National Phenological Dataset"
            "wms_abstract"               "National Phenological Dataset"
        END  # end METADATA
    END # end LAYER
    LAYER
        NAME     min-val-right-2009
        TYPE     RASTER
        DUMP     TRUE
        STATUS   OFF
        DATA     /flood/MODIS/CONUS_Phenological_Parameters2/2009/mcd13tqk_a2009_phenparams_season_min_value_right.img
        HEADER   ./templates/layer_query_header.html
        TEMPLATE ./templates/layer_query_body.html
		
        INCLUDE "cmaps/mcd13tqk_a2009_phenparams_season_min_value_right.cmap"

        PROJECTION
			"+proj=laea"
			"+lat_0=45"
			"+lon_0=-100"
			"+x_0=0"
			"+y_0=0"
			"+a=6370997"
			"+b=6370997"
			"+units=m"
			"+no_defs"
        END
        METADATA
            "wms_title"                  "National Phenological Dataset"
            "wms_abstract"               "National Phenological Dataset"
        END  # end METADATA
    END # end LAYER
    LAYER
        NAME     small-integral-2009
        TYPE     RASTER
        DUMP     TRUE
        STATUS   OFF
        DATA     /flood/MODIS/CONUS_Phenological_Parameters2/2009/mcd13tqk_a2009_phenparams_small_integral.img
        HEADER   ./templates/layer_query_header.html
        TEMPLATE ./templates/layer_query_body.html
		
        INCLUDE "cmaps/mcd13tqk_a2009_phenparams_small_integral.cmap"

        PROJECTION
			"+proj=laea"
			"+lat_0=45"
			"+lon_0=-100"
			"+x_0=0"
			"+y_0=0"
			"+a=6370997"
			"+b=6370997"
			"+units=m"
			"+no_defs"
        END
        METADATA
            "wms_title"                  "National Phenological Dataset"
            "wms_abstract"               "National Phenological Dataset"
        END  # end METADATA
    END # end LAYER
    LAYER
        NAME     large-integral-2008
        TYPE     RASTER
        DUMP     TRUE
        STATUS   OFF
        DATA     /flood/MODIS/CONUS_Phenological_Parameters2/2008/mcd13_a2008_phenparams_large_integral.img
        HEADER   ./templates/layer_query_header.html
        TEMPLATE ./templates/layer_query_body.html
		
        INCLUDE "cmaps/mcd13_a2008_phenparams_large_integral.cmap"

        PROJECTION
			"+proj=laea"
			"+lat_0=45"
			"+lon_0=-100"
			"+x_0=0"
			"+y_0=0"
			"+a=6370997"
			"+b=6370997"
			"+units=m"
			"+no_defs"
        END
        METADATA
            "wms_title"                  "National Phenological Dataset"
            "wms_abstract"               "National Phenological Dataset"
        END  # end METADATA
    END # end LAYER
    LAYER
        NAME     qc-flags-2008
        TYPE     RASTER
        DUMP     TRUE
        STATUS   OFF
        DATA     /flood/MODIS/CONUS_Phenological_Parameters2/2008/mcd13_a2008_phenparams_qc_flags.img
        HEADER   ./templates/layer_query_header.html
        TEMPLATE ./templates/layer_query_body.html
		
        INCLUDE "cmaps/mcd13_a2008_phenparams_qc_flags.cmap"

        PROJECTION
			"+proj=laea"
			"+lat_0=45"
			"+lon_0=-100"
			"+x_0=0"
			"+y_0=0"
			"+a=6370997"
			"+b=6370997"
			"+units=m"
			"+no_defs"
        END
        METADATA
            "wms_title"                  "National Phenological Dataset"
            "wms_abstract"               "National Phenological Dataset"
        END  # end METADATA
    END # end LAYER
    LAYER
        NAME     left-pos-20pct-2008
        TYPE     RASTER
        DUMP     TRUE
        STATUS   OFF
        DATA     /flood/MODIS/CONUS_Phenological_Parameters2/2008/mcd13_a2008_phenparams_season_20pct_position_left.img
        HEADER   ./templates/layer_query_header.html
        TEMPLATE ./templates/layer_query_body.html
		
        INCLUDE "cmaps/mcd13_a2008_phenparams_season_20pct_position_left.cmap"

        PROJECTION
			"+proj=laea"
			"+lat_0=45"
			"+lon_0=-100"
			"+x_0=0"
			"+y_0=0"
			"+a=6370997"
			"+b=6370997"
			"+units=m"
			"+no_defs"
        END
        METADATA
            "wms_title"                  "National Phenological Dataset"
            "wms_abstract"               "National Phenological Dataset"
        END  # end METADATA
    END # end LAYER
    LAYER
        NAME     right-pos-20pct-2008
        TYPE     RASTER
        DUMP     TRUE
        STATUS   OFF
        DATA     /flood/MODIS/CONUS_Phenological_Parameters2/2008/mcd13_a2008_phenparams_season_20pct_position_right.img
        HEADER   ./templates/layer_query_header.html
        TEMPLATE ./templates/layer_query_body.html
		
        INCLUDE "cmaps/mcd13_a2008_phenparams_season_20pct_position_right.cmap"

        PROJECTION
			"+proj=laea"
			"+lat_0=45"
			"+lon_0=-100"
			"+x_0=0"
			"+y_0=0"
			"+a=6370997"
			"+b=6370997"
			"+units=m"
			"+no_defs"
        END
        METADATA
            "wms_title"                  "National Phenological Dataset"
            "wms_abstract"               "National Phenological Dataset"
        END  # end METADATA
    END # end LAYER
    LAYER
        NAME     left-val-20pct-2008
        TYPE     RASTER
        DUMP     TRUE
        STATUS   OFF
        DATA     /flood/MODIS/CONUS_Phenological_Parameters2/2008/mcd13_a2008_phenparams_season_20pct_value_left.img
        HEADER   ./templates/layer_query_header.html
        TEMPLATE ./templates/layer_query_body.html
		
        INCLUDE "cmaps/mcd13_a2008_phenparams_season_20pct_value_left.cmap"

        PROJECTION
			"+proj=laea"
			"+lat_0=45"
			"+lon_0=-100"
			"+x_0=0"
			"+y_0=0"
			"+a=6370997"
			"+b=6370997"
			"+units=m"
			"+no_defs"
        END
        METADATA
            "wms_title"                  "National Phenological Dataset"
            "wms_abstract"               "National Phenological Dataset"
        END  # end METADATA
    END # end LAYER
    LAYER
        NAME     right-val-20pct-2008
        TYPE     RASTER
        DUMP     TRUE
        STATUS   OFF
        DATA     /flood/MODIS/CONUS_Phenological_Parameters2/2008/mcd13_a2008_phenparams_season_20pct_value_right.img
        HEADER   ./templates/layer_query_header.html
        TEMPLATE ./templates/layer_query_body.html
		
        INCLUDE "cmaps/mcd13_a2008_phenparams_season_20pct_value_right.cmap"

        PROJECTION
			"+proj=laea"
			"+lat_0=45"
			"+lon_0=-100"
			"+x_0=0"
			"+y_0=0"
			"+a=6370997"
			"+b=6370997"
			"+units=m"
			"+no_defs"
        END
        METADATA
            "wms_title"                  "National Phenological Dataset"
            "wms_abstract"               "National Phenological Dataset"
        END  # end METADATA
    END # end LAYER
    LAYER
        NAME     left-pos-80pct-2008
        TYPE     RASTER
        DUMP     TRUE
        STATUS   OFF
        DATA     /flood/MODIS/CONUS_Phenological_Parameters2/2008/mcd13_a2008_phenparams_season_80pct_position_left.img
        HEADER   ./templates/layer_query_header.html
        TEMPLATE ./templates/layer_query_body.html
		
        INCLUDE "cmaps/mcd13_a2008_phenparams_season_80pct_position_left.cmap"

        PROJECTION
			"+proj=laea"
			"+lat_0=45"
			"+lon_0=-100"
			"+x_0=0"
			"+y_0=0"
			"+a=6370997"
			"+b=6370997"
			"+units=m"
			"+no_defs"
        END
        METADATA
            "wms_title"                  "National Phenological Dataset"
            "wms_abstract"               "National Phenological Dataset"
        END  # end METADATA
    END # end LAYER
    LAYER
        NAME     right-pos-80pct-2008
        TYPE     RASTER
        DUMP     TRUE
        STATUS   OFF
        DATA     /flood/MODIS/CONUS_Phenological_Parameters2/2008/mcd13_a2008_phenparams_season_80pct_position_right.img
        HEADER   ./templates/layer_query_header.html
        TEMPLATE ./templates/layer_query_body.html
		
        INCLUDE "cmaps/mcd13_a2008_phenparams_season_80pct_position_right.cmap"

        PROJECTION
			"+proj=laea"
			"+lat_0=45"
			"+lon_0=-100"
			"+x_0=0"
			"+y_0=0"
			"+a=6370997"
			"+b=6370997"
			"+units=m"
			"+no_defs"
        END
        METADATA
            "wms_title"                  "National Phenological Dataset"
            "wms_abstract"               "National Phenological Dataset"
        END  # end METADATA
    END # end LAYER
    LAYER
        NAME     left-val-80pct-2008
        TYPE     RASTER
        DUMP     TRUE
        STATUS   OFF
        DATA     /flood/MODIS/CONUS_Phenological_Parameters2/2008/mcd13_a2008_phenparams_season_80pct_value_left.img
        HEADER   ./templates/layer_query_header.html
        TEMPLATE ./templates/layer_query_body.html
		
        INCLUDE "cmaps/mcd13_a2008_phenparams_season_80pct_value_left.cmap"

        PROJECTION
			"+proj=laea"
			"+lat_0=45"
			"+lon_0=-100"
			"+x_0=0"
			"+y_0=0"
			"+a=6370997"
			"+b=6370997"
			"+units=m"
			"+no_defs"
        END
        METADATA
            "wms_title"                  "National Phenological Dataset"
            "wms_abstract"               "National Phenological Dataset"
        END  # end METADATA
    END # end LAYER
    LAYER
        NAME     right-val-80pct-2008
        TYPE     RASTER
        DUMP     TRUE
        STATUS   OFF
        DATA     /flood/MODIS/CONUS_Phenological_Parameters2/2008/mcd13_a2008_phenparams_season_80pct_value_right.img
        HEADER   ./templates/layer_query_header.html
        TEMPLATE ./templates/layer_query_body.html
		
        INCLUDE "cmaps/mcd13_a2008_phenparams_season_80pct_value_right.cmap"

        PROJECTION
			"+proj=laea"
			"+lat_0=45"
			"+lon_0=-100"
			"+x_0=0"
			"+y_0=0"
			"+a=6370997"
			"+b=6370997"
			"+units=m"
			"+no_defs"
        END
        METADATA
            "wms_title"                  "National Phenological Dataset"
            "wms_abstract"               "National Phenological Dataset"
        END  # end METADATA
    END # end LAYER
    LAYER
        NAME     max-ndvi-pos-2008
        TYPE     RASTER
        DUMP     TRUE
        STATUS   OFF
        DATA     /flood/MODIS/CONUS_Phenological_Parameters2/2008/mcd13_a2008_phenparams_season_max_ndvi_position.img
        HEADER   ./templates/layer_query_header.html
        TEMPLATE ./templates/layer_query_body.html
		
        INCLUDE "cmaps/mcd13_a2008_phenparams_season_max_ndvi_position.cmap"

        PROJECTION
			"+proj=laea"
			"+lat_0=45"
			"+lon_0=-100"
			"+x_0=0"
			"+y_0=0"
			"+a=6370997"
			"+b=6370997"
			"+units=m"
			"+no_defs"
        END
        METADATA
            "wms_title"                  "National Phenological Dataset"
            "wms_abstract"               "National Phenological Dataset"
        END  # end METADATA
    END # end LAYER
    LAYER
        NAME     max-ndvi-val-2008
        TYPE     RASTER
        DUMP     TRUE
        STATUS   OFF
        DATA     /flood/MODIS/CONUS_Phenological_Parameters2/2008/mcd13_a2008_phenparams_season_max_ndvi_value.img
        HEADER   ./templates/layer_query_header.html
        TEMPLATE ./templates/layer_query_body.html
		
        INCLUDE "cmaps/mcd13_a2008_phenparams_season_max_ndvi_value.cmap"

        PROJECTION
			"+proj=laea"
			"+lat_0=45"
			"+lon_0=-100"
			"+x_0=0"
			"+y_0=0"
			"+a=6370997"
			"+b=6370997"
			"+units=m"
			"+no_defs"
        END
        METADATA
            "wms_title"                  "National Phenological Dataset"
            "wms_abstract"               "National Phenological Dataset"
        END  # end METADATA
    END # end LAYER
    LAYER
        NAME     min-pos-left-2008
        TYPE     RASTER
        DUMP     TRUE
        STATUS   OFF
        DATA     /flood/MODIS/CONUS_Phenological_Parameters2/2008/mcd13_a2008_phenparams_season_min_position_left.img
        HEADER   ./templates/layer_query_header.html
        TEMPLATE ./templates/layer_query_body.html
		
        INCLUDE "cmaps/mcd13_a2008_phenparams_season_min_position_left.cmap"

        PROJECTION
			"+proj=laea"
			"+lat_0=45"
			"+lon_0=-100"
			"+x_0=0"
			"+y_0=0"
			"+a=6370997"
			"+b=6370997"
			"+units=m"
			"+no_defs"
        END
        METADATA
            "wms_title"                  "National Phenological Dataset"
            "wms_abstract"               "National Phenological Dataset"
        END  # end METADATA
    END # end LAYER
    LAYER
        NAME     min-pos-right-2008
        TYPE     RASTER
        DUMP     TRUE
        STATUS   OFF
        DATA     /flood/MODIS/CONUS_Phenological_Parameters2/2008/mcd13_a2008_phenparams_season_min_position_right.img
        HEADER   ./templates/layer_query_header.html
        TEMPLATE ./templates/layer_query_body.html
		
        INCLUDE "cmaps/mcd13_a2008_phenparams_season_min_position_right.cmap"

        PROJECTION
			"+proj=laea"
			"+lat_0=45"
			"+lon_0=-100"
			"+x_0=0"
			"+y_0=0"
			"+a=6370997"
			"+b=6370997"
			"+units=m"
			"+no_defs"
        END
        METADATA
            "wms_title"                  "National Phenological Dataset"
            "wms_abstract"               "National Phenological Dataset"
        END  # end METADATA
    END # end LAYER
    LAYER
        NAME     min-val-left-2008
        TYPE     RASTER
        DUMP     TRUE
        STATUS   OFF
        DATA     /flood/MODIS/CONUS_Phenological_Parameters2/2008/mcd13_a2008_phenparams_season_min_value_left.img
        HEADER   ./templates/layer_query_header.html
        TEMPLATE ./templates/layer_query_body.html
		
        INCLUDE "cmaps/mcd13_a2008_phenparams_season_min_value_left.cmap"

        PROJECTION
			"+proj=laea"
			"+lat_0=45"
			"+lon_0=-100"
			"+x_0=0"
			"+y_0=0"
			"+a=6370997"
			"+b=6370997"
			"+units=m"
			"+no_defs"
        END
        METADATA
            "wms_title"                  "National Phenological Dataset"
            "wms_abstract"               "National Phenological Dataset"
        END  # end METADATA
    END # end LAYER
    LAYER
        NAME     min-val-right-2008
        TYPE     RASTER
        DUMP     TRUE
        STATUS   OFF
        DATA     /flood/MODIS/CONUS_Phenological_Parameters2/2008/mcd13_a2008_phenparams_season_min_value_right.img
        HEADER   ./templates/layer_query_header.html
        TEMPLATE ./templates/layer_query_body.html
		
        INCLUDE "cmaps/mcd13_a2008_phenparams_season_min_value_right.cmap"

        PROJECTION
			"+proj=laea"
			"+lat_0=45"
			"+lon_0=-100"
			"+x_0=0"
			"+y_0=0"
			"+a=6370997"
			"+b=6370997"
			"+units=m"
			"+no_defs"
        END
        METADATA
            "wms_title"                  "National Phenological Dataset"
            "wms_abstract"               "National Phenological Dataset"
        END  # end METADATA
    END # end LAYER
    LAYER
        NAME     small-integral-2008
        TYPE     RASTER
        DUMP     TRUE
        STATUS   OFF
        DATA     /flood/MODIS/CONUS_Phenological_Parameters2/2008/mcd13_a2008_phenparams_small_integral.img
        HEADER   ./templates/layer_query_header.html
        TEMPLATE ./templates/layer_query_body.html
		
        INCLUDE "cmaps/mcd13_a2008_phenparams_small_integral.cmap"

        PROJECTION
			"+proj=laea"
			"+lat_0=45"
			"+lon_0=-100"
			"+x_0=0"
			"+y_0=0"
			"+a=6370997"
			"+b=6370997"
			"+units=m"
			"+no_defs"
        END
        METADATA
            "wms_title"                  "National Phenological Dataset"
            "wms_abstract"               "National Phenological Dataset"
        END  # end METADATA
    END # end LAYER
    LAYER
        NAME     large-integral-2007
        TYPE     RASTER
        DUMP     TRUE
        STATUS   OFF
        DATA     /flood/MODIS/CONUS_Phenological_Parameters2/2007/mcd13_a2007_phenparams_large_integral.img
        HEADER   ./templates/layer_query_header.html
        TEMPLATE ./templates/layer_query_body.html
		
        INCLUDE "cmaps/mcd13_a2007_phenparams_large_integral.cmap"

        PROJECTION
			"+proj=laea"
			"+lat_0=45"
			"+lon_0=-100"
			"+x_0=0"
			"+y_0=0"
			"+a=6370997"
			"+b=6370997"
			"+units=m"
			"+no_defs"
        END
        METADATA
            "wms_title"                  "National Phenological Dataset"
            "wms_abstract"               "National Phenological Dataset"
        END  # end METADATA
    END # end LAYER
    LAYER
        NAME     qc-flags-2007
        TYPE     RASTER
        DUMP     TRUE
        STATUS   OFF
        DATA     /flood/MODIS/CONUS_Phenological_Parameters2/2007/mcd13_a2007_phenparams_qc_flags.img
        HEADER   ./templates/layer_query_header.html
        TEMPLATE ./templates/layer_query_body.html
		
        INCLUDE "cmaps/mcd13_a2007_phenparams_qc_flags.cmap"

        PROJECTION
			"+proj=laea"
			"+lat_0=45"
			"+lon_0=-100"
			"+x_0=0"
			"+y_0=0"
			"+a=6370997"
			"+b=6370997"
			"+units=m"
			"+no_defs"
        END
        METADATA
            "wms_title"                  "National Phenological Dataset"
            "wms_abstract"               "National Phenological Dataset"
        END  # end METADATA
    END # end LAYER
    LAYER
        NAME     left-pos-20pct-2007
        TYPE     RASTER
        DUMP     TRUE
        STATUS   OFF
        DATA     /flood/MODIS/CONUS_Phenological_Parameters2/2007/mcd13_a2007_phenparams_season_20pct_position_left.img
        HEADER   ./templates/layer_query_header.html
        TEMPLATE ./templates/layer_query_body.html
		
        INCLUDE "cmaps/mcd13_a2007_phenparams_season_20pct_position_left.cmap"

        PROJECTION
			"+proj=laea"
			"+lat_0=45"
			"+lon_0=-100"
			"+x_0=0"
			"+y_0=0"
			"+a=6370997"
			"+b=6370997"
			"+units=m"
			"+no_defs"
        END
        METADATA
            "wms_title"                  "National Phenological Dataset"
            "wms_abstract"               "National Phenological Dataset"
        END  # end METADATA
    END # end LAYER
    LAYER
        NAME     right-pos-20pct-2007
        TYPE     RASTER
        DUMP     TRUE
        STATUS   OFF
        DATA     /flood/MODIS/CONUS_Phenological_Parameters2/2007/mcd13_a2007_phenparams_season_20pct_position_right.img
        HEADER   ./templates/layer_query_header.html
        TEMPLATE ./templates/layer_query_body.html
		
        INCLUDE "cmaps/mcd13_a2007_phenparams_season_20pct_position_right.cmap"

        PROJECTION
			"+proj=laea"
			"+lat_0=45"
			"+lon_0=-100"
			"+x_0=0"
			"+y_0=0"
			"+a=6370997"
			"+b=6370997"
			"+units=m"
			"+no_defs"
        END
        METADATA
            "wms_title"                  "National Phenological Dataset"
            "wms_abstract"               "National Phenological Dataset"
        END  # end METADATA
    END # end LAYER
    LAYER
        NAME     left-val-20pct-2007
        TYPE     RASTER
        DUMP     TRUE
        STATUS   OFF
        DATA     /flood/MODIS/CONUS_Phenological_Parameters2/2007/mcd13_a2007_phenparams_season_20pct_value_left.img
        HEADER   ./templates/layer_query_header.html
        TEMPLATE ./templates/layer_query_body.html
		
        INCLUDE "cmaps/mcd13_a2007_phenparams_season_20pct_value_left.cmap"

        PROJECTION
			"+proj=laea"
			"+lat_0=45"
			"+lon_0=-100"
			"+x_0=0"
			"+y_0=0"
			"+a=6370997"
			"+b=6370997"
			"+units=m"
			"+no_defs"
        END
        METADATA
            "wms_title"                  "National Phenological Dataset"
            "wms_abstract"               "National Phenological Dataset"
        END  # end METADATA
    END # end LAYER
    LAYER
        NAME     right-val-20pct-2007
        TYPE     RASTER
        DUMP     TRUE
        STATUS   OFF
        DATA     /flood/MODIS/CONUS_Phenological_Parameters2/2007/mcd13_a2007_phenparams_season_20pct_value_right.img
        HEADER   ./templates/layer_query_header.html
        TEMPLATE ./templates/layer_query_body.html
		
        INCLUDE "cmaps/mcd13_a2007_phenparams_season_20pct_value_right.cmap"

        PROJECTION
			"+proj=laea"
			"+lat_0=45"
			"+lon_0=-100"
			"+x_0=0"
			"+y_0=0"
			"+a=6370997"
			"+b=6370997"
			"+units=m"
			"+no_defs"
        END
        METADATA
            "wms_title"                  "National Phenological Dataset"
            "wms_abstract"               "National Phenological Dataset"
        END  # end METADATA
    END # end LAYER
    LAYER
        NAME     left-pos-80pct-2007
        TYPE     RASTER
        DUMP     TRUE
        STATUS   OFF
        DATA     /flood/MODIS/CONUS_Phenological_Parameters2/2007/mcd13_a2007_phenparams_season_80pct_position_left.img
        HEADER   ./templates/layer_query_header.html
        TEMPLATE ./templates/layer_query_body.html
		
        INCLUDE "cmaps/mcd13_a2007_phenparams_season_80pct_position_left.cmap"

        PROJECTION
			"+proj=laea"
			"+lat_0=45"
			"+lon_0=-100"
			"+x_0=0"
			"+y_0=0"
			"+a=6370997"
			"+b=6370997"
			"+units=m"
			"+no_defs"
        END
        METADATA
            "wms_title"                  "National Phenological Dataset"
            "wms_abstract"               "National Phenological Dataset"
        END  # end METADATA
    END # end LAYER
    LAYER
        NAME     right-pos-80pct-2007
        TYPE     RASTER
        DUMP     TRUE
        STATUS   OFF
        DATA     /flood/MODIS/CONUS_Phenological_Parameters2/2007/mcd13_a2007_phenparams_season_80pct_position_right.img
        HEADER   ./templates/layer_query_header.html
        TEMPLATE ./templates/layer_query_body.html
		
        INCLUDE "cmaps/mcd13_a2007_phenparams_season_80pct_position_right.cmap"

        PROJECTION
			"+proj=laea"
			"+lat_0=45"
			"+lon_0=-100"
			"+x_0=0"
			"+y_0=0"
			"+a=6370997"
			"+b=6370997"
			"+units=m"
			"+no_defs"
        END
        METADATA
            "wms_title"                  "National Phenological Dataset"
            "wms_abstract"               "National Phenological Dataset"
        END  # end METADATA
    END # end LAYER
    LAYER
        NAME     left-val-80pct-2007
        TYPE     RASTER
        DUMP     TRUE
        STATUS   OFF
        DATA     /flood/MODIS/CONUS_Phenological_Parameters2/2007/mcd13_a2007_phenparams_season_80pct_value_left.img
        HEADER   ./templates/layer_query_header.html
        TEMPLATE ./templates/layer_query_body.html
		
        INCLUDE "cmaps/mcd13_a2007_phenparams_season_80pct_value_left.cmap"

        PROJECTION
			"+proj=laea"
			"+lat_0=45"
			"+lon_0=-100"
			"+x_0=0"
			"+y_0=0"
			"+a=6370997"
			"+b=6370997"
			"+units=m"
			"+no_defs"
        END
        METADATA
            "wms_title"                  "National Phenological Dataset"
            "wms_abstract"               "National Phenological Dataset"
        END  # end METADATA
    END # end LAYER
    LAYER
        NAME     right-val-80pct-2007
        TYPE     RASTER
        DUMP     TRUE
        STATUS   OFF
        DATA     /flood/MODIS/CONUS_Phenological_Parameters2/2007/mcd13_a2007_phenparams_season_80pct_value_right.img
        HEADER   ./templates/layer_query_header.html
        TEMPLATE ./templates/layer_query_body.html
		
        INCLUDE "cmaps/mcd13_a2007_phenparams_season_80pct_value_right.cmap"

        PROJECTION
			"+proj=laea"
			"+lat_0=45"
			"+lon_0=-100"
			"+x_0=0"
			"+y_0=0"
			"+a=6370997"
			"+b=6370997"
			"+units=m"
			"+no_defs"
        END
        METADATA
            "wms_title"                  "National Phenological Dataset"
            "wms_abstract"               "National Phenological Dataset"
        END  # end METADATA
    END # end LAYER
    LAYER
        NAME     max-ndvi-pos-2007
        TYPE     RASTER
        DUMP     TRUE
        STATUS   OFF
        DATA     /flood/MODIS/CONUS_Phenological_Parameters2/2007/mcd13_a2007_phenparams_season_max_ndvi_position.img
        HEADER   ./templates/layer_query_header.html
        TEMPLATE ./templates/layer_query_body.html
		
        INCLUDE "cmaps/mcd13_a2007_phenparams_season_max_ndvi_position.cmap"

        PROJECTION
			"+proj=laea"
			"+lat_0=45"
			"+lon_0=-100"
			"+x_0=0"
			"+y_0=0"
			"+a=6370997"
			"+b=6370997"
			"+units=m"
			"+no_defs"
        END
        METADATA
            "wms_title"                  "National Phenological Dataset"
            "wms_abstract"               "National Phenological Dataset"
        END  # end METADATA
    END # end LAYER
    LAYER
        NAME     max-ndvi-val-2007
        TYPE     RASTER
        DUMP     TRUE
        STATUS   OFF
        DATA     /flood/MODIS/CONUS_Phenological_Parameters2/2007/mcd13_a2007_phenparams_season_max_ndvi_value.img
        HEADER   ./templates/layer_query_header.html
        TEMPLATE ./templates/layer_query_body.html
		
        INCLUDE "cmaps/mcd13_a2007_phenparams_season_max_ndvi_value.cmap"

        PROJECTION
			"+proj=laea"
			"+lat_0=45"
			"+lon_0=-100"
			"+x_0=0"
			"+y_0=0"
			"+a=6370997"
			"+b=6370997"
			"+units=m"
			"+no_defs"
        END
        METADATA
            "wms_title"                  "National Phenological Dataset"
            "wms_abstract"               "National Phenological Dataset"
        END  # end METADATA
    END # end LAYER
    LAYER
        NAME     min-pos-left-2007
        TYPE     RASTER
        DUMP     TRUE
        STATUS   OFF
        DATA     /flood/MODIS/CONUS_Phenological_Parameters2/2007/mcd13_a2007_phenparams_season_min_position_left.img
        HEADER   ./templates/layer_query_header.html
        TEMPLATE ./templates/layer_query_body.html
		
        INCLUDE "cmaps/mcd13_a2007_phenparams_season_min_position_left.cmap"

        PROJECTION
			"+proj=laea"
			"+lat_0=45"
			"+lon_0=-100"
			"+x_0=0"
			"+y_0=0"
			"+a=6370997"
			"+b=6370997"
			"+units=m"
			"+no_defs"
        END
        METADATA
            "wms_title"                  "National Phenological Dataset"
            "wms_abstract"               "National Phenological Dataset"
        END  # end METADATA
    END # end LAYER
    LAYER
        NAME     min-pos-right-2007
        TYPE     RASTER
        DUMP     TRUE
        STATUS   OFF
        DATA     /flood/MODIS/CONUS_Phenological_Parameters2/2007/mcd13_a2007_phenparams_season_min_position_right.img
        HEADER   ./templates/layer_query_header.html
        TEMPLATE ./templates/layer_query_body.html
		
        INCLUDE "cmaps/mcd13_a2007_phenparams_season_min_position_right.cmap"

        PROJECTION
			"+proj=laea"
			"+lat_0=45"
			"+lon_0=-100"
			"+x_0=0"
			"+y_0=0"
			"+a=6370997"
			"+b=6370997"
			"+units=m"
			"+no_defs"
        END
        METADATA
            "wms_title"                  "National Phenological Dataset"
            "wms_abstract"               "National Phenological Dataset"
        END  # end METADATA
    END # end LAYER
    LAYER
        NAME     min-val-left-2007
        TYPE     RASTER
        DUMP     TRUE
        STATUS   OFF
        DATA     /flood/MODIS/CONUS_Phenological_Parameters2/2007/mcd13_a2007_phenparams_season_min_value_left.img
        HEADER   ./templates/layer_query_header.html
        TEMPLATE ./templates/layer_query_body.html
		
        INCLUDE "cmaps/mcd13_a2007_phenparams_season_min_value_left.cmap"

        PROJECTION
			"+proj=laea"
			"+lat_0=45"
			"+lon_0=-100"
			"+x_0=0"
			"+y_0=0"
			"+a=6370997"
			"+b=6370997"
			"+units=m"
			"+no_defs"
        END
        METADATA
            "wms_title"                  "National Phenological Dataset"
            "wms_abstract"               "National Phenological Dataset"
        END  # end METADATA
    END # end LAYER
    LAYER
        NAME     min-val-right-2007
        TYPE     RASTER
        DUMP     TRUE
        STATUS   OFF
        DATA     /flood/MODIS/CONUS_Phenological_Parameters2/2007/mcd13_a2007_phenparams_season_min_value_right.img
        HEADER   ./templates/layer_query_header.html
        TEMPLATE ./templates/layer_query_body.html
		
        INCLUDE "cmaps/mcd13_a2007_phenparams_season_min_value_right.cmap"

        PROJECTION
			"+proj=laea"
			"+lat_0=45"
			"+lon_0=-100"
			"+x_0=0"
			"+y_0=0"
			"+a=6370997"
			"+b=6370997"
			"+units=m"
			"+no_defs"
        END
        METADATA
            "wms_title"                  "National Phenological Dataset"
            "wms_abstract"               "National Phenological Dataset"
        END  # end METADATA
    END # end LAYER
    LAYER
        NAME     small-integral-2007
        TYPE     RASTER
        DUMP     TRUE
        STATUS   OFF
        DATA     /flood/MODIS/CONUS_Phenological_Parameters2/2007/mcd13_a2007_phenparams_small_integral.img
        HEADER   ./templates/layer_query_header.html
        TEMPLATE ./templates/layer_query_body.html
		
        INCLUDE "cmaps/mcd13_a2007_phenparams_small_integral.cmap"

        PROJECTION
			"+proj=laea"
			"+lat_0=45"
			"+lon_0=-100"
			"+x_0=0"
			"+y_0=0"
			"+a=6370997"
			"+b=6370997"
			"+units=m"
			"+no_defs"
        END
        METADATA
            "wms_title"                  "National Phenological Dataset"
            "wms_abstract"               "National Phenological Dataset"
        END  # end METADATA
    END # end LAYER
    LAYER
        NAME     large-integral-2006
        TYPE     RASTER
        DUMP     TRUE
        STATUS   OFF
        DATA     /flood/MODIS/CONUS_Phenological_Parameters2/2006/mcd13_a2006_phenparams_large_integral.img
        HEADER   ./templates/layer_query_header.html
        TEMPLATE ./templates/layer_query_body.html
		
        INCLUDE "cmaps/mcd13_a2006_phenparams_large_integral.cmap"

        PROJECTION
			"+proj=laea"
			"+lat_0=45"
			"+lon_0=-100"
			"+x_0=0"
			"+y_0=0"
			"+a=6370997"
			"+b=6370997"
			"+units=m"
			"+no_defs"
        END
        METADATA
            "wms_title"                  "National Phenological Dataset"
            "wms_abstract"               "National Phenological Dataset"
        END  # end METADATA
    END # end LAYER
    LAYER
        NAME     qc-flags-2006
        TYPE     RASTER
        DUMP     TRUE
        STATUS   OFF
        DATA     /flood/MODIS/CONUS_Phenological_Parameters2/2006/mcd13_a2006_phenparams_qc_flags.img
        HEADER   ./templates/layer_query_header.html
        TEMPLATE ./templates/layer_query_body.html
		
        INCLUDE "cmaps/mcd13_a2006_phenparams_qc_flags.cmap"

        PROJECTION
			"+proj=laea"
			"+lat_0=45"
			"+lon_0=-100"
			"+x_0=0"
			"+y_0=0"
			"+a=6370997"
			"+b=6370997"
			"+units=m"
			"+no_defs"
        END
        METADATA
            "wms_title"                  "National Phenological Dataset"
            "wms_abstract"               "National Phenological Dataset"
        END  # end METADATA
    END # end LAYER
    LAYER
        NAME     left-pos-20pct-2006
        TYPE     RASTER
        DUMP     TRUE
        STATUS   OFF
        DATA     /flood/MODIS/CONUS_Phenological_Parameters2/2006/mcd13_a2006_phenparams_season_20pct_position_left.img
        HEADER   ./templates/layer_query_header.html
        TEMPLATE ./templates/layer_query_body.html
		
        INCLUDE "cmaps/mcd13_a2006_phenparams_season_20pct_position_left.cmap"

        PROJECTION
			"+proj=laea"
			"+lat_0=45"
			"+lon_0=-100"
			"+x_0=0"
			"+y_0=0"
			"+a=6370997"
			"+b=6370997"
			"+units=m"
			"+no_defs"
        END
        METADATA
            "wms_title"                  "National Phenological Dataset"
            "wms_abstract"               "National Phenological Dataset"
        END  # end METADATA
    END # end LAYER
    LAYER
        NAME     right-pos-20pct-2006
        TYPE     RASTER
        DUMP     TRUE
        STATUS   OFF
        DATA     /flood/MODIS/CONUS_Phenological_Parameters2/2006/mcd13_a2006_phenparams_season_20pct_position_right.img
        HEADER   ./templates/layer_query_header.html
        TEMPLATE ./templates/layer_query_body.html
		
        INCLUDE "cmaps/mcd13_a2006_phenparams_season_20pct_position_right.cmap"

        PROJECTION
			"+proj=laea"
			"+lat_0=45"
			"+lon_0=-100"
			"+x_0=0"
			"+y_0=0"
			"+a=6370997"
			"+b=6370997"
			"+units=m"
			"+no_defs"
        END
        METADATA
            "wms_title"                  "National Phenological Dataset"
            "wms_abstract"               "National Phenological Dataset"
        END  # end METADATA
    END # end LAYER
    LAYER
        NAME     left-val-20pct-2006
        TYPE     RASTER
        DUMP     TRUE
        STATUS   OFF
        DATA     /flood/MODIS/CONUS_Phenological_Parameters2/2006/mcd13_a2006_phenparams_season_20pct_value_left.img
        HEADER   ./templates/layer_query_header.html
        TEMPLATE ./templates/layer_query_body.html
		
        INCLUDE "cmaps/mcd13_a2006_phenparams_season_20pct_value_left.cmap"

        PROJECTION
			"+proj=laea"
			"+lat_0=45"
			"+lon_0=-100"
			"+x_0=0"
			"+y_0=0"
			"+a=6370997"
			"+b=6370997"
			"+units=m"
			"+no_defs"
        END
        METADATA
            "wms_title"                  "National Phenological Dataset"
            "wms_abstract"               "National Phenological Dataset"
        END  # end METADATA
    END # end LAYER
    LAYER
        NAME     right-val-20pct-2006
        TYPE     RASTER
        DUMP     TRUE
        STATUS   OFF
        DATA     /flood/MODIS/CONUS_Phenological_Parameters2/2006/mcd13_a2006_phenparams_season_20pct_value_right.img
        HEADER   ./templates/layer_query_header.html
        TEMPLATE ./templates/layer_query_body.html
		
        INCLUDE "cmaps/mcd13_a2006_phenparams_season_20pct_value_right.cmap"

        PROJECTION
			"+proj=laea"
			"+lat_0=45"
			"+lon_0=-100"
			"+x_0=0"
			"+y_0=0"
			"+a=6370997"
			"+b=6370997"
			"+units=m"
			"+no_defs"
        END
        METADATA
            "wms_title"                  "National Phenological Dataset"
            "wms_abstract"               "National Phenological Dataset"
        END  # end METADATA
    END # end LAYER
    LAYER
        NAME     left-pos-80pct-2006
        TYPE     RASTER
        DUMP     TRUE
        STATUS   OFF
        DATA     /flood/MODIS/CONUS_Phenological_Parameters2/2006/mcd13_a2006_phenparams_season_80pct_position_left.img
        HEADER   ./templates/layer_query_header.html
        TEMPLATE ./templates/layer_query_body.html
		
        INCLUDE "cmaps/mcd13_a2006_phenparams_season_80pct_position_left.cmap"

        PROJECTION
			"+proj=laea"
			"+lat_0=45"
			"+lon_0=-100"
			"+x_0=0"
			"+y_0=0"
			"+a=6370997"
			"+b=6370997"
			"+units=m"
			"+no_defs"
        END
        METADATA
            "wms_title"                  "National Phenological Dataset"
            "wms_abstract"               "National Phenological Dataset"
        END  # end METADATA
    END # end LAYER
    LAYER
        NAME     right-pos-80pct-2006
        TYPE     RASTER
        DUMP     TRUE
        STATUS   OFF
        DATA     /flood/MODIS/CONUS_Phenological_Parameters2/2006/mcd13_a2006_phenparams_season_80pct_position_right.img
        HEADER   ./templates/layer_query_header.html
        TEMPLATE ./templates/layer_query_body.html
		
        INCLUDE "cmaps/mcd13_a2006_phenparams_season_80pct_position_right.cmap"

        PROJECTION
			"+proj=laea"
			"+lat_0=45"
			"+lon_0=-100"
			"+x_0=0"
			"+y_0=0"
			"+a=6370997"
			"+b=6370997"
			"+units=m"
			"+no_defs"
        END
        METADATA
            "wms_title"                  "National Phenological Dataset"
            "wms_abstract"               "National Phenological Dataset"
        END  # end METADATA
    END # end LAYER
    LAYER
        NAME     left-val-80pct-2006
        TYPE     RASTER
        DUMP     TRUE
        STATUS   OFF
        DATA     /flood/MODIS/CONUS_Phenological_Parameters2/2006/mcd13_a2006_phenparams_season_80pct_value_left.img
        HEADER   ./templates/layer_query_header.html
        TEMPLATE ./templates/layer_query_body.html
		
        INCLUDE "cmaps/mcd13_a2006_phenparams_season_80pct_value_left.cmap"

        PROJECTION
			"+proj=laea"
			"+lat_0=45"
			"+lon_0=-100"
			"+x_0=0"
			"+y_0=0"
			"+a=6370997"
			"+b=6370997"
			"+units=m"
			"+no_defs"
        END
        METADATA
            "wms_title"                  "National Phenological Dataset"
            "wms_abstract"               "National Phenological Dataset"
        END  # end METADATA
    END # end LAYER
    LAYER
        NAME     right-val-80pct-2006
        TYPE     RASTER
        DUMP     TRUE
        STATUS   OFF
        DATA     /flood/MODIS/CONUS_Phenological_Parameters2/2006/mcd13_a2006_phenparams_season_80pct_value_right.img
        HEADER   ./templates/layer_query_header.html
        TEMPLATE ./templates/layer_query_body.html
		
        INCLUDE "cmaps/mcd13_a2006_phenparams_season_80pct_value_right.cmap"

        PROJECTION
			"+proj=laea"
			"+lat_0=45"
			"+lon_0=-100"
			"+x_0=0"
			"+y_0=0"
			"+a=6370997"
			"+b=6370997"
			"+units=m"
			"+no_defs"
        END
        METADATA
            "wms_title"                  "National Phenological Dataset"
            "wms_abstract"               "National Phenological Dataset"
        END  # end METADATA
    END # end LAYER
    LAYER
        NAME     max-ndvi-pos-2006
        TYPE     RASTER
        DUMP     TRUE
        STATUS   OFF
        DATA     /flood/MODIS/CONUS_Phenological_Parameters2/2006/mcd13_a2006_phenparams_season_max_ndvi_position.img
        HEADER   ./templates/layer_query_header.html
        TEMPLATE ./templates/layer_query_body.html
		
        INCLUDE "cmaps/mcd13_a2006_phenparams_season_max_ndvi_position.cmap"

        PROJECTION
			"+proj=laea"
			"+lat_0=45"
			"+lon_0=-100"
			"+x_0=0"
			"+y_0=0"
			"+a=6370997"
			"+b=6370997"
			"+units=m"
			"+no_defs"
        END
        METADATA
            "wms_title"                  "National Phenological Dataset"
            "wms_abstract"               "National Phenological Dataset"
        END  # end METADATA
    END # end LAYER
    LAYER
        NAME     max-ndvi-val-2006
        TYPE     RASTER
        DUMP     TRUE
        STATUS   OFF
        DATA     /flood/MODIS/CONUS_Phenological_Parameters2/2006/mcd13_a2006_phenparams_season_max_ndvi_value.img
        HEADER   ./templates/layer_query_header.html
        TEMPLATE ./templates/layer_query_body.html
		
        INCLUDE "cmaps/mcd13_a2006_phenparams_season_max_ndvi_value.cmap"

        PROJECTION
			"+proj=laea"
			"+lat_0=45"
			"+lon_0=-100"
			"+x_0=0"
			"+y_0=0"
			"+a=6370997"
			"+b=6370997"
			"+units=m"
			"+no_defs"
        END
        METADATA
            "wms_title"                  "National Phenological Dataset"
            "wms_abstract"               "National Phenological Dataset"
        END  # end METADATA
    END # end LAYER
    LAYER
        NAME     min-pos-left-2006
        TYPE     RASTER
        DUMP     TRUE
        STATUS   OFF
        DATA     /flood/MODIS/CONUS_Phenological_Parameters2/2006/mcd13_a2006_phenparams_season_min_position_left.img
        HEADER   ./templates/layer_query_header.html
        TEMPLATE ./templates/layer_query_body.html
		
        INCLUDE "cmaps/mcd13_a2006_phenparams_season_min_position_left.cmap"

        PROJECTION
			"+proj=laea"
			"+lat_0=45"
			"+lon_0=-100"
			"+x_0=0"
			"+y_0=0"
			"+a=6370997"
			"+b=6370997"
			"+units=m"
			"+no_defs"
        END
        METADATA
            "wms_title"                  "National Phenological Dataset"
            "wms_abstract"               "National Phenological Dataset"
        END  # end METADATA
    END # end LAYER
    LAYER
        NAME     min-pos-right-2006
        TYPE     RASTER
        DUMP     TRUE
        STATUS   OFF
        DATA     /flood/MODIS/CONUS_Phenological_Parameters2/2006/mcd13_a2006_phenparams_season_min_position_right.img
        HEADER   ./templates/layer_query_header.html
        TEMPLATE ./templates/layer_query_body.html
		
        INCLUDE "cmaps/mcd13_a2006_phenparams_season_min_position_right.cmap"

        PROJECTION
			"+proj=laea"
			"+lat_0=45"
			"+lon_0=-100"
			"+x_0=0"
			"+y_0=0"
			"+a=6370997"
			"+b=6370997"
			"+units=m"
			"+no_defs"
        END
        METADATA
            "wms_title"                  "National Phenological Dataset"
            "wms_abstract"               "National Phenological Dataset"
        END  # end METADATA
    END # end LAYER
    LAYER
        NAME     min-val-left-2006
        TYPE     RASTER
        DUMP     TRUE
        STATUS   OFF
        DATA     /flood/MODIS/CONUS_Phenological_Parameters2/2006/mcd13_a2006_phenparams_season_min_value_left.img
        HEADER   ./templates/layer_query_header.html
        TEMPLATE ./templates/layer_query_body.html
		
        INCLUDE "cmaps/mcd13_a2006_phenparams_season_min_value_left.cmap"

        PROJECTION
			"+proj=laea"
			"+lat_0=45"
			"+lon_0=-100"
			"+x_0=0"
			"+y_0=0"
			"+a=6370997"
			"+b=6370997"
			"+units=m"
			"+no_defs"
        END
        METADATA
            "wms_title"                  "National Phenological Dataset"
            "wms_abstract"               "National Phenological Dataset"
        END  # end METADATA
    END # end LAYER
    LAYER
        NAME     min-val-right-2006
        TYPE     RASTER
        DUMP     TRUE
        STATUS   OFF
        DATA     /flood/MODIS/CONUS_Phenological_Parameters2/2006/mcd13_a2006_phenparams_season_min_value_right.img
        HEADER   ./templates/layer_query_header.html
        TEMPLATE ./templates/layer_query_body.html
		
        INCLUDE "cmaps/mcd13_a2006_phenparams_season_min_value_right.cmap"

        PROJECTION
			"+proj=laea"
			"+lat_0=45"
			"+lon_0=-100"
			"+x_0=0"
			"+y_0=0"
			"+a=6370997"
			"+b=6370997"
			"+units=m"
			"+no_defs"
        END
        METADATA
            "wms_title"                  "National Phenological Dataset"
            "wms_abstract"               "National Phenological Dataset"
        END  # end METADATA
    END # end LAYER
    LAYER
        NAME     small-integral-2006
        TYPE     RASTER
        DUMP     TRUE
        STATUS   OFF
        DATA     /flood/MODIS/CONUS_Phenological_Parameters2/2006/mcd13_a2006_phenparams_small_integral.img
        HEADER   ./templates/layer_query_header.html
        TEMPLATE ./templates/layer_query_body.html
		
        INCLUDE "cmaps/mcd13_a2006_phenparams_small_integral.cmap"

        PROJECTION
			"+proj=laea"
			"+lat_0=45"
			"+lon_0=-100"
			"+x_0=0"
			"+y_0=0"
			"+a=6370997"
			"+b=6370997"
			"+units=m"
			"+no_defs"
        END
        METADATA
            "wms_title"                  "National Phenological Dataset"
            "wms_abstract"               "National Phenological Dataset"
        END  # end METADATA
    END # end LAYER
    LAYER
        NAME     large-integral-2005
        TYPE     RASTER
        DUMP     TRUE
        STATUS   OFF
        DATA     /flood/MODIS/CONUS_Phenological_Parameters2/2005/01_2005_phen_large_integral.img
        HEADER   ./templates/layer_query_header.html
        TEMPLATE ./templates/layer_query_body.html
		
        INCLUDE "cmaps/01_2005_phen_large_integral.cmap"

        PROJECTION
			"+proj=laea"
			"+lat_0=45"
			"+lon_0=-100"
			"+x_0=0"
			"+y_0=0"
			"+a=6370997"
			"+b=6370997"
			"+units=m"
			"+no_defs"
        END
        METADATA
            "wms_title"                  "National Phenological Dataset"
            "wms_abstract"               "National Phenological Dataset"
        END  # end METADATA
    END # end LAYER
    LAYER
        NAME     qc-flags-2005
        TYPE     RASTER
        DUMP     TRUE
        STATUS   OFF
        DATA     /flood/MODIS/CONUS_Phenological_Parameters2/2005/04_2005_phen_qc_flags.img
        HEADER   ./templates/layer_query_header.html
        TEMPLATE ./templates/layer_query_body.html
		
        INCLUDE "cmaps/04_2005_phen_qc_flags.cmap"

        PROJECTION
			"+proj=laea"
			"+lat_0=45"
			"+lon_0=-100"
			"+x_0=0"
			"+y_0=0"
			"+a=6370997"
			"+b=6370997"
			"+units=m"
			"+no_defs"
        END
        METADATA
            "wms_title"                  "National Phenological Dataset"
            "wms_abstract"               "National Phenological Dataset"
        END  # end METADATA
    END # end LAYER
    LAYER
        NAME     left-pos-20pct-2005
        TYPE     RASTER
        DUMP     TRUE
        STATUS   OFF
        DATA     /flood/MODIS/CONUS_Phenological_Parameters2/2005/05_2005_phen_season_20pct_position_left.img
        HEADER   ./templates/layer_query_header.html
        TEMPLATE ./templates/layer_query_body.html
		
        INCLUDE "cmaps/05_2005_phen_season_20pct_position_left.cmap"

        PROJECTION
			"+proj=laea"
			"+lat_0=45"
			"+lon_0=-100"
			"+x_0=0"
			"+y_0=0"
			"+a=6370997"
			"+b=6370997"
			"+units=m"
			"+no_defs"
        END
        METADATA
            "wms_title"                  "National Phenological Dataset"
            "wms_abstract"               "National Phenological Dataset"
        END  # end METADATA
    END # end LAYER
    LAYER
        NAME     right-pos-20pct-2005
        TYPE     RASTER
        DUMP     TRUE
        STATUS   OFF
        DATA     /flood/MODIS/CONUS_Phenological_Parameters2/2005/06_2005_phen_season_20pct_position_right.img
        HEADER   ./templates/layer_query_header.html
        TEMPLATE ./templates/layer_query_body.html
		
        INCLUDE "cmaps/06_2005_phen_season_20pct_position_right.cmap"

        PROJECTION
			"+proj=laea"
			"+lat_0=45"
			"+lon_0=-100"
			"+x_0=0"
			"+y_0=0"
			"+a=6370997"
			"+b=6370997"
			"+units=m"
			"+no_defs"
        END
        METADATA
            "wms_title"                  "National Phenological Dataset"
            "wms_abstract"               "National Phenological Dataset"
        END  # end METADATA
    END # end LAYER
    LAYER
        NAME     left-val-20pct-2005
        TYPE     RASTER
        DUMP     TRUE
        STATUS   OFF
        DATA     /flood/MODIS/CONUS_Phenological_Parameters2/2005/07_2005_phen_season_20pct_value_left.img
        HEADER   ./templates/layer_query_header.html
        TEMPLATE ./templates/layer_query_body.html
		
        INCLUDE "cmaps/07_2005_phen_season_20pct_value_left.cmap"

        PROJECTION
			"+proj=laea"
			"+lat_0=45"
			"+lon_0=-100"
			"+x_0=0"
			"+y_0=0"
			"+a=6370997"
			"+b=6370997"
			"+units=m"
			"+no_defs"
        END
        METADATA
            "wms_title"                  "National Phenological Dataset"
            "wms_abstract"               "National Phenological Dataset"
        END  # end METADATA
    END # end LAYER
    LAYER
        NAME     right-val-20pct-2005
        TYPE     RASTER
        DUMP     TRUE
        STATUS   OFF
        DATA     /flood/MODIS/CONUS_Phenological_Parameters2/2005/08_2005_phen_season_20pct_value_right.img
        HEADER   ./templates/layer_query_header.html
        TEMPLATE ./templates/layer_query_body.html
		
        INCLUDE "cmaps/08_2005_phen_season_20pct_value_right.cmap"

        PROJECTION
			"+proj=laea"
			"+lat_0=45"
			"+lon_0=-100"
			"+x_0=0"
			"+y_0=0"
			"+a=6370997"
			"+b=6370997"
			"+units=m"
			"+no_defs"
        END
        METADATA
            "wms_title"                  "National Phenological Dataset"
            "wms_abstract"               "National Phenological Dataset"
        END  # end METADATA
    END # end LAYER
    LAYER
        NAME     left-pos-80pct-2005
        TYPE     RASTER
        DUMP     TRUE
        STATUS   OFF
        DATA     /flood/MODIS/CONUS_Phenological_Parameters2/2005/09_2005_phen_season_80pct_position_left.img
        HEADER   ./templates/layer_query_header.html
        TEMPLATE ./templates/layer_query_body.html
		
        INCLUDE "cmaps/09_2005_phen_season_80pct_position_left.cmap"

        PROJECTION
			"+proj=laea"
			"+lat_0=45"
			"+lon_0=-100"
			"+x_0=0"
			"+y_0=0"
			"+a=6370997"
			"+b=6370997"
			"+units=m"
			"+no_defs"
        END
        METADATA
            "wms_title"                  "National Phenological Dataset"
            "wms_abstract"               "National Phenological Dataset"
        END  # end METADATA
    END # end LAYER
    LAYER
        NAME     right-pos-80pct-2005
        TYPE     RASTER
        DUMP     TRUE
        STATUS   OFF
        DATA     /flood/MODIS/CONUS_Phenological_Parameters2/2005/10_2005_phen_season_80pct_position_right.img
        HEADER   ./templates/layer_query_header.html
        TEMPLATE ./templates/layer_query_body.html
		
        INCLUDE "cmaps/10_2005_phen_season_80pct_position_right.cmap"

        PROJECTION
			"+proj=laea"
			"+lat_0=45"
			"+lon_0=-100"
			"+x_0=0"
			"+y_0=0"
			"+a=6370997"
			"+b=6370997"
			"+units=m"
			"+no_defs"
        END
        METADATA
            "wms_title"                  "National Phenological Dataset"
            "wms_abstract"               "National Phenological Dataset"
        END  # end METADATA
    END # end LAYER
    LAYER
        NAME     left-val-80pct-2005
        TYPE     RASTER
        DUMP     TRUE
        STATUS   OFF
        DATA     /flood/MODIS/CONUS_Phenological_Parameters2/2005/11_2005_phen_season_80pct_value_left.img
        HEADER   ./templates/layer_query_header.html
        TEMPLATE ./templates/layer_query_body.html
		
        INCLUDE "cmaps/11_2005_phen_season_80pct_value_left.cmap"

        PROJECTION
			"+proj=laea"
			"+lat_0=45"
			"+lon_0=-100"
			"+x_0=0"
			"+y_0=0"
			"+a=6370997"
			"+b=6370997"
			"+units=m"
			"+no_defs"
        END
        METADATA
            "wms_title"                  "National Phenological Dataset"
            "wms_abstract"               "National Phenological Dataset"
        END  # end METADATA
    END # end LAYER
    LAYER
        NAME     right-val-80pct-2005
        TYPE     RASTER
        DUMP     TRUE
        STATUS   OFF
        DATA     /flood/MODIS/CONUS_Phenological_Parameters2/2005/12_2005_phen_season_80pct_value_right.img
        HEADER   ./templates/layer_query_header.html
        TEMPLATE ./templates/layer_query_body.html
		
        INCLUDE "cmaps/12_2005_phen_season_80pct_value_right.cmap"

        PROJECTION
			"+proj=laea"
			"+lat_0=45"
			"+lon_0=-100"
			"+x_0=0"
			"+y_0=0"
			"+a=6370997"
			"+b=6370997"
			"+units=m"
			"+no_defs"
        END
        METADATA
            "wms_title"                  "National Phenological Dataset"
            "wms_abstract"               "National Phenological Dataset"
        END  # end METADATA
    END # end LAYER
    LAYER
        NAME     max-ndvi-pos-2005
        TYPE     RASTER
        DUMP     TRUE
        STATUS   OFF
        DATA     /flood/MODIS/CONUS_Phenological_Parameters2/2005/02_2005_phen_max_ndvi_position.img
        HEADER   ./templates/layer_query_header.html
        TEMPLATE ./templates/layer_query_body.html
		
        INCLUDE "cmaps/02_2005_phen_max_ndvi_position.cmap"

        PROJECTION
			"+proj=laea"
			"+lat_0=45"
			"+lon_0=-100"
			"+x_0=0"
			"+y_0=0"
			"+a=6370997"
			"+b=6370997"
			"+units=m"
			"+no_defs"
        END
        METADATA
            "wms_title"                  "National Phenological Dataset"
            "wms_abstract"               "National Phenological Dataset"
        END  # end METADATA
    END # end LAYER
    LAYER
        NAME     max-ndvi-val-2005
        TYPE     RASTER
        DUMP     TRUE
        STATUS   OFF
        DATA     /flood/MODIS/CONUS_Phenological_Parameters2/2005/03_2005_phen_max_ndvi_value.img
        HEADER   ./templates/layer_query_header.html
        TEMPLATE ./templates/layer_query_body.html
		
        INCLUDE "cmaps/03_2005_phen_max_ndvi_value.cmap"

        PROJECTION
			"+proj=laea"
			"+lat_0=45"
			"+lon_0=-100"
			"+x_0=0"
			"+y_0=0"
			"+a=6370997"
			"+b=6370997"
			"+units=m"
			"+no_defs"
        END
        METADATA
            "wms_title"                  "National Phenological Dataset"
            "wms_abstract"               "National Phenological Dataset"
        END  # end METADATA
    END # end LAYER
    LAYER
        NAME     min-pos-left-2005
        TYPE     RASTER
        DUMP     TRUE
        STATUS   OFF
        DATA     /flood/MODIS/CONUS_Phenological_Parameters2/2005/13_2005_phen_season_min_position_left.img
        HEADER   ./templates/layer_query_header.html
        TEMPLATE ./templates/layer_query_body.html
		
        INCLUDE "cmaps/13_2005_phen_season_min_position_left.cmap"

        PROJECTION
			"+proj=laea"
			"+lat_0=45"
			"+lon_0=-100"
			"+x_0=0"
			"+y_0=0"
			"+a=6370997"
			"+b=6370997"
			"+units=m"
			"+no_defs"
        END
        METADATA
            "wms_title"                  "National Phenological Dataset"
            "wms_abstract"               "National Phenological Dataset"
        END  # end METADATA
    END # end LAYER
    LAYER
        NAME     min-pos-right-2005
        TYPE     RASTER
        DUMP     TRUE
        STATUS   OFF
        DATA     /flood/MODIS/CONUS_Phenological_Parameters2/2005/14_2005_phen_season_min_position_right.img
        HEADER   ./templates/layer_query_header.html
        TEMPLATE ./templates/layer_query_body.html
		
        INCLUDE "cmaps/14_2005_phen_season_min_position_right.cmap"

        PROJECTION
			"+proj=laea"
			"+lat_0=45"
			"+lon_0=-100"
			"+x_0=0"
			"+y_0=0"
			"+a=6370997"
			"+b=6370997"
			"+units=m"
			"+no_defs"
        END
        METADATA
            "wms_title"                  "National Phenological Dataset"
            "wms_abstract"               "National Phenological Dataset"
        END  # end METADATA
    END # end LAYER
    LAYER
        NAME     min-val-left-2005
        TYPE     RASTER
        DUMP     TRUE
        STATUS   OFF
        DATA     /flood/MODIS/CONUS_Phenological_Parameters2/2005/15_2005_phen_season_min_value_left.img
        HEADER   ./templates/layer_query_header.html
        TEMPLATE ./templates/layer_query_body.html
		
        INCLUDE "cmaps/15_2005_phen_season_min_value_left.cmap"

        PROJECTION
			"+proj=laea"
			"+lat_0=45"
			"+lon_0=-100"
			"+x_0=0"
			"+y_0=0"
			"+a=6370997"
			"+b=6370997"
			"+units=m"
			"+no_defs"
        END
        METADATA
            "wms_title"                  "National Phenological Dataset"
            "wms_abstract"               "National Phenological Dataset"
        END  # end METADATA
    END # end LAYER
    LAYER
        NAME     min-val-right-2005
        TYPE     RASTER
        DUMP     TRUE
        STATUS   OFF
        DATA     /flood/MODIS/CONUS_Phenological_Parameters2/2005/16_2005_phen_season_min_value_right.img
        HEADER   ./templates/layer_query_header.html
        TEMPLATE ./templates/layer_query_body.html
		
        INCLUDE "cmaps/16_2005_phen_season_min_value_right.cmap"

        PROJECTION
			"+proj=laea"
			"+lat_0=45"
			"+lon_0=-100"
			"+x_0=0"
			"+y_0=0"
			"+a=6370997"
			"+b=6370997"
			"+units=m"
			"+no_defs"
        END
        METADATA
            "wms_title"                  "National Phenological Dataset"
            "wms_abstract"               "National Phenological Dataset"
        END  # end METADATA
    END # end LAYER
    LAYER
        NAME     small-integral-2005
        TYPE     RASTER
        DUMP     TRUE
        STATUS   OFF
        DATA     /flood/MODIS/CONUS_Phenological_Parameters2/2005/17_2005_phen_small_integral.img
        HEADER   ./templates/layer_query_header.html
        TEMPLATE ./templates/layer_query_body.html
		
        INCLUDE "cmaps/17_2005_phen_small_integral.cmap"

        PROJECTION
			"+proj=laea"
			"+lat_0=45"
			"+lon_0=-100"
			"+x_0=0"
			"+y_0=0"
			"+a=6370997"
			"+b=6370997"
			"+units=m"
			"+no_defs"
        END
        METADATA
            "wms_title"                  "National Phenological Dataset"
            "wms_abstract"               "National Phenological Dataset"
        END  # end METADATA
    END # end LAYER
    LAYER
        NAME     large-integral-2004
        TYPE     RASTER
        DUMP     TRUE
        STATUS   OFF
        DATA     /flood/MODIS/CONUS_Phenological_Parameters2/2004/01_2004_phen_large_integral.img
        HEADER   ./templates/layer_query_header.html
        TEMPLATE ./templates/layer_query_body.html
		
        INCLUDE "cmaps/01_2004_phen_large_integral.cmap"

        PROJECTION
			"+proj=laea"
			"+lat_0=45"
			"+lon_0=-100"
			"+x_0=0"
			"+y_0=0"
			"+a=6370997"
			"+b=6370997"
			"+units=m"
			"+no_defs"
        END
        METADATA
            "wms_title"                  "National Phenological Dataset"
            "wms_abstract"               "National Phenological Dataset"
        END  # end METADATA
    END # end LAYER
    LAYER
        NAME     qc-flags-2004
        TYPE     RASTER
        DUMP     TRUE
        STATUS   OFF
        DATA     /flood/MODIS/CONUS_Phenological_Parameters2/2004/04_2004_phen_qc_flags.img
        HEADER   ./templates/layer_query_header.html
        TEMPLATE ./templates/layer_query_body.html
		
        INCLUDE "cmaps/04_2004_phen_qc_flags.cmap"

        PROJECTION
			"+proj=laea"
			"+lat_0=45"
			"+lon_0=-100"
			"+x_0=0"
			"+y_0=0"
			"+a=6370997"
			"+b=6370997"
			"+units=m"
			"+no_defs"
        END
        METADATA
            "wms_title"                  "National Phenological Dataset"
            "wms_abstract"               "National Phenological Dataset"
        END  # end METADATA
    END # end LAYER
    LAYER
        NAME     left-pos-20pct-2004
        TYPE     RASTER
        DUMP     TRUE
        STATUS   OFF
        DATA     /flood/MODIS/CONUS_Phenological_Parameters2/2004/05_2004_phen_season_20pct_position_left.img
        HEADER   ./templates/layer_query_header.html
        TEMPLATE ./templates/layer_query_body.html
		
        INCLUDE "cmaps/05_2004_phen_season_20pct_position_left.cmap"

        PROJECTION
			"+proj=laea"
			"+lat_0=45"
			"+lon_0=-100"
			"+x_0=0"
			"+y_0=0"
			"+a=6370997"
			"+b=6370997"
			"+units=m"
			"+no_defs"
        END
        METADATA
            "wms_title"                  "National Phenological Dataset"
            "wms_abstract"               "National Phenological Dataset"
        END  # end METADATA
    END # end LAYER
    LAYER
        NAME     right-pos-20pct-2004
        TYPE     RASTER
        DUMP     TRUE
        STATUS   OFF
        DATA     /flood/MODIS/CONUS_Phenological_Parameters2/2004/06_2004_phen_season_20pct_position_right.img
        HEADER   ./templates/layer_query_header.html
        TEMPLATE ./templates/layer_query_body.html
		
        INCLUDE "cmaps/06_2004_phen_season_20pct_position_right.cmap"

        PROJECTION
			"+proj=laea"
			"+lat_0=45"
			"+lon_0=-100"
			"+x_0=0"
			"+y_0=0"
			"+a=6370997"
			"+b=6370997"
			"+units=m"
			"+no_defs"
        END
        METADATA
            "wms_title"                  "National Phenological Dataset"
            "wms_abstract"               "National Phenological Dataset"
        END  # end METADATA
    END # end LAYER
    LAYER
        NAME     left-val-20pct-2004
        TYPE     RASTER
        DUMP     TRUE
        STATUS   OFF
        DATA     /flood/MODIS/CONUS_Phenological_Parameters2/2004/07_2004_phen_season_20pct_value_left.img
        HEADER   ./templates/layer_query_header.html
        TEMPLATE ./templates/layer_query_body.html
		
        INCLUDE "cmaps/07_2004_phen_season_20pct_value_left.cmap"

        PROJECTION
			"+proj=laea"
			"+lat_0=45"
			"+lon_0=-100"
			"+x_0=0"
			"+y_0=0"
			"+a=6370997"
			"+b=6370997"
			"+units=m"
			"+no_defs"
        END
        METADATA
            "wms_title"                  "National Phenological Dataset"
            "wms_abstract"               "National Phenological Dataset"
        END  # end METADATA
    END # end LAYER
    LAYER
        NAME     right-val-20pct-2004
        TYPE     RASTER
        DUMP     TRUE
        STATUS   OFF
        DATA     /flood/MODIS/CONUS_Phenological_Parameters2/2004/08_2004_phen_season_20pct_value_right.img
        HEADER   ./templates/layer_query_header.html
        TEMPLATE ./templates/layer_query_body.html
		
        INCLUDE "cmaps/08_2004_phen_season_20pct_value_right.cmap"

        PROJECTION
			"+proj=laea"
			"+lat_0=45"
			"+lon_0=-100"
			"+x_0=0"
			"+y_0=0"
			"+a=6370997"
			"+b=6370997"
			"+units=m"
			"+no_defs"
        END
        METADATA
            "wms_title"                  "National Phenological Dataset"
            "wms_abstract"               "National Phenological Dataset"
        END  # end METADATA
    END # end LAYER
    LAYER
        NAME     left-pos-80pct-2004
        TYPE     RASTER
        DUMP     TRUE
        STATUS   OFF
        DATA     /flood/MODIS/CONUS_Phenological_Parameters2/2004/09_2004_phen_season_80pct_position_left.img
        HEADER   ./templates/layer_query_header.html
        TEMPLATE ./templates/layer_query_body.html
		
        INCLUDE "cmaps/09_2004_phen_season_80pct_position_left.cmap"

        PROJECTION
			"+proj=laea"
			"+lat_0=45"
			"+lon_0=-100"
			"+x_0=0"
			"+y_0=0"
			"+a=6370997"
			"+b=6370997"
			"+units=m"
			"+no_defs"
        END
        METADATA
            "wms_title"                  "National Phenological Dataset"
            "wms_abstract"               "National Phenological Dataset"
        END  # end METADATA
    END # end LAYER
    LAYER
        NAME     right-pos-80pct-2004
        TYPE     RASTER
        DUMP     TRUE
        STATUS   OFF
        DATA     /flood/MODIS/CONUS_Phenological_Parameters2/2004/10_2004_phen_season_80pct_position_right.img
        HEADER   ./templates/layer_query_header.html
        TEMPLATE ./templates/layer_query_body.html
		
        INCLUDE "cmaps/10_2004_phen_season_80pct_position_right.cmap"

        PROJECTION
			"+proj=laea"
			"+lat_0=45"
			"+lon_0=-100"
			"+x_0=0"
			"+y_0=0"
			"+a=6370997"
			"+b=6370997"
			"+units=m"
			"+no_defs"
        END
        METADATA
            "wms_title"                  "National Phenological Dataset"
            "wms_abstract"               "National Phenological Dataset"
        END  # end METADATA
    END # end LAYER
    LAYER
        NAME     left-val-80pct-2004
        TYPE     RASTER
        DUMP     TRUE
        STATUS   OFF
        DATA     /flood/MODIS/CONUS_Phenological_Parameters2/2004/11_2004_phen_season_80pct_value_left.img
        HEADER   ./templates/layer_query_header.html
        TEMPLATE ./templates/layer_query_body.html
		
        INCLUDE "cmaps/11_2004_phen_season_80pct_value_left.cmap"

        PROJECTION
			"+proj=laea"
			"+lat_0=45"
			"+lon_0=-100"
			"+x_0=0"
			"+y_0=0"
			"+a=6370997"
			"+b=6370997"
			"+units=m"
			"+no_defs"
        END
        METADATA
            "wms_title"                  "National Phenological Dataset"
            "wms_abstract"               "National Phenological Dataset"
        END  # end METADATA
    END # end LAYER
    LAYER
        NAME     right-val-80pct-2004
        TYPE     RASTER
        DUMP     TRUE
        STATUS   OFF
        DATA     /flood/MODIS/CONUS_Phenological_Parameters2/2004/12_2004_phen_season_80pct_value_right.img
        HEADER   ./templates/layer_query_header.html
        TEMPLATE ./templates/layer_query_body.html
		
        INCLUDE "cmaps/12_2004_phen_season_80pct_value_right.cmap"

        PROJECTION
			"+proj=laea"
			"+lat_0=45"
			"+lon_0=-100"
			"+x_0=0"
			"+y_0=0"
			"+a=6370997"
			"+b=6370997"
			"+units=m"
			"+no_defs"
        END
        METADATA
            "wms_title"                  "National Phenological Dataset"
            "wms_abstract"               "National Phenological Dataset"
        END  # end METADATA
    END # end LAYER
    LAYER
        NAME     max-ndvi-pos-2004
        TYPE     RASTER
        DUMP     TRUE
        STATUS   OFF
        DATA     /flood/MODIS/CONUS_Phenological_Parameters2/2004/02_2004_phen_max_ndvi_position.img
        HEADER   ./templates/layer_query_header.html
        TEMPLATE ./templates/layer_query_body.html
		
        INCLUDE "cmaps/02_2004_phen_max_ndvi_position.cmap"

        PROJECTION
			"+proj=laea"
			"+lat_0=45"
			"+lon_0=-100"
			"+x_0=0"
			"+y_0=0"
			"+a=6370997"
			"+b=6370997"
			"+units=m"
			"+no_defs"
        END
        METADATA
            "wms_title"                  "National Phenological Dataset"
            "wms_abstract"               "National Phenological Dataset"
        END  # end METADATA
    END # end LAYER
    LAYER
        NAME     max-ndvi-val-2004
        TYPE     RASTER
        DUMP     TRUE
        STATUS   OFF
        DATA     /flood/MODIS/CONUS_Phenological_Parameters2/2004/03_2004_phen_max_ndvi_value.img
        HEADER   ./templates/layer_query_header.html
        TEMPLATE ./templates/layer_query_body.html
		
        INCLUDE "cmaps/03_2004_phen_max_ndvi_value.cmap"

        PROJECTION
			"+proj=laea"
			"+lat_0=45"
			"+lon_0=-100"
			"+x_0=0"
			"+y_0=0"
			"+a=6370997"
			"+b=6370997"
			"+units=m"
			"+no_defs"
        END
        METADATA
            "wms_title"                  "National Phenological Dataset"
            "wms_abstract"               "National Phenological Dataset"
        END  # end METADATA
    END # end LAYER
    LAYER
        NAME     min-pos-left-2004
        TYPE     RASTER
        DUMP     TRUE
        STATUS   OFF
        DATA     /flood/MODIS/CONUS_Phenological_Parameters2/2004/13_2004_phen_season_min_position_left.img
        HEADER   ./templates/layer_query_header.html
        TEMPLATE ./templates/layer_query_body.html
		
        INCLUDE "cmaps/13_2004_phen_season_min_position_left.cmap"

        PROJECTION
			"+proj=laea"
			"+lat_0=45"
			"+lon_0=-100"
			"+x_0=0"
			"+y_0=0"
			"+a=6370997"
			"+b=6370997"
			"+units=m"
			"+no_defs"
        END
        METADATA
            "wms_title"                  "National Phenological Dataset"
            "wms_abstract"               "National Phenological Dataset"
        END  # end METADATA
    END # end LAYER
    LAYER
        NAME     min-pos-right-2004
        TYPE     RASTER
        DUMP     TRUE
        STATUS   OFF
        DATA     /flood/MODIS/CONUS_Phenological_Parameters2/2004/14_2004_phen_season_min_position_right.img
        HEADER   ./templates/layer_query_header.html
        TEMPLATE ./templates/layer_query_body.html
		
        INCLUDE "cmaps/14_2004_phen_season_min_position_right.cmap"

        PROJECTION
			"+proj=laea"
			"+lat_0=45"
			"+lon_0=-100"
			"+x_0=0"
			"+y_0=0"
			"+a=6370997"
			"+b=6370997"
			"+units=m"
			"+no_defs"
        END
        METADATA
            "wms_title"                  "National Phenological Dataset"
            "wms_abstract"               "National Phenological Dataset"
        END  # end METADATA
    END # end LAYER
    LAYER
        NAME     min-val-left-2004
        TYPE     RASTER
        DUMP     TRUE
        STATUS   OFF
        DATA     /flood/MODIS/CONUS_Phenological_Parameters2/2004/15_2004_phen_season_min_value_left.img
        HEADER   ./templates/layer_query_header.html
        TEMPLATE ./templates/layer_query_body.html
		
        INCLUDE "cmaps/15_2004_phen_season_min_value_left.cmap"

        PROJECTION
			"+proj=laea"
			"+lat_0=45"
			"+lon_0=-100"
			"+x_0=0"
			"+y_0=0"
			"+a=6370997"
			"+b=6370997"
			"+units=m"
			"+no_defs"
        END
        METADATA
            "wms_title"                  "National Phenological Dataset"
            "wms_abstract"               "National Phenological Dataset"
        END  # end METADATA
    END # end LAYER
    LAYER
        NAME     min-val-right-2004
        TYPE     RASTER
        DUMP     TRUE
        STATUS   OFF
        DATA     /flood/MODIS/CONUS_Phenological_Parameters2/2004/16_2004_phen_season_min_value_right.img
        HEADER   ./templates/layer_query_header.html
        TEMPLATE ./templates/layer_query_body.html
		
        INCLUDE "cmaps/16_2004_phen_season_min_value_right.cmap"

        PROJECTION
			"+proj=laea"
			"+lat_0=45"
			"+lon_0=-100"
			"+x_0=0"
			"+y_0=0"
			"+a=6370997"
			"+b=6370997"
			"+units=m"
			"+no_defs"
        END
        METADATA
            "wms_title"                  "National Phenological Dataset"
            "wms_abstract"               "National Phenological Dataset"
        END  # end METADATA
    END # end LAYER
    LAYER
        NAME     small-integral-2004
        TYPE     RASTER
        DUMP     TRUE
        STATUS   OFF
        DATA     /flood/MODIS/CONUS_Phenological_Parameters2/2004/17_2004_phen_small_integral.img
        HEADER   ./templates/layer_query_header.html
        TEMPLATE ./templates/layer_query_body.html
		
        INCLUDE "cmaps/17_2004_phen_small_integral.cmap"

        PROJECTION
			"+proj=laea"
			"+lat_0=45"
			"+lon_0=-100"
			"+x_0=0"
			"+y_0=0"
			"+a=6370997"
			"+b=6370997"
			"+units=m"
			"+no_defs"
        END
        METADATA
            "wms_title"                  "National Phenological Dataset"
            "wms_abstract"               "National Phenological Dataset"
        END  # end METADATA
    END # end LAYER
    LAYER
        NAME     large-integral-2003
        TYPE     RASTER
        DUMP     TRUE
        STATUS   OFF
        DATA     /flood/MODIS/CONUS_Phenological_Parameters2/2003/01_2003_phen_large_integral.img
        HEADER   ./templates/layer_query_header.html
        TEMPLATE ./templates/layer_query_body.html
		
        INCLUDE "cmaps/01_2003_phen_large_integral.cmap"

        PROJECTION
			"+proj=laea"
			"+lat_0=45"
			"+lon_0=-100"
			"+x_0=0"
			"+y_0=0"
			"+a=6370997"
			"+b=6370997"
			"+units=m"
			"+no_defs"
        END
        METADATA
            "wms_title"                  "National Phenological Dataset"
            "wms_abstract"               "National Phenological Dataset"
        END  # end METADATA
    END # end LAYER
    LAYER
        NAME     qc-flags-2003
        TYPE     RASTER
        DUMP     TRUE
        STATUS   OFF
        DATA     /flood/MODIS/CONUS_Phenological_Parameters2/2003/04_2003_phen_qc_flags.img
        HEADER   ./templates/layer_query_header.html
        TEMPLATE ./templates/layer_query_body.html
		
        INCLUDE "cmaps/04_2003_phen_qc_flags.cmap"

        PROJECTION
			"+proj=laea"
			"+lat_0=45"
			"+lon_0=-100"
			"+x_0=0"
			"+y_0=0"
			"+a=6370997"
			"+b=6370997"
			"+units=m"
			"+no_defs"
        END
        METADATA
            "wms_title"                  "National Phenological Dataset"
            "wms_abstract"               "National Phenological Dataset"
        END  # end METADATA
    END # end LAYER
    LAYER
        NAME     left-pos-20pct-2003
        TYPE     RASTER
        DUMP     TRUE
        STATUS   OFF
        DATA     /flood/MODIS/CONUS_Phenological_Parameters2/2003/05_2003_phen_season_20pct_position_left.img
        HEADER   ./templates/layer_query_header.html
        TEMPLATE ./templates/layer_query_body.html
		
        INCLUDE "cmaps/05_2003_phen_season_20pct_position_left.cmap"

        PROJECTION
			"+proj=laea"
			"+lat_0=45"
			"+lon_0=-100"
			"+x_0=0"
			"+y_0=0"
			"+a=6370997"
			"+b=6370997"
			"+units=m"
			"+no_defs"
        END
        METADATA
            "wms_title"                  "National Phenological Dataset"
            "wms_abstract"               "National Phenological Dataset"
        END  # end METADATA
    END # end LAYER
    LAYER
        NAME     right-pos-20pct-2003
        TYPE     RASTER
        DUMP     TRUE
        STATUS   OFF
        DATA     /flood/MODIS/CONUS_Phenological_Parameters2/2003/06_2003_phen_season_20pct_position_right.img
        HEADER   ./templates/layer_query_header.html
        TEMPLATE ./templates/layer_query_body.html
		
        INCLUDE "cmaps/06_2003_phen_season_20pct_position_right.cmap"

        PROJECTION
			"+proj=laea"
			"+lat_0=45"
			"+lon_0=-100"
			"+x_0=0"
			"+y_0=0"
			"+a=6370997"
			"+b=6370997"
			"+units=m"
			"+no_defs"
        END
        METADATA
            "wms_title"                  "National Phenological Dataset"
            "wms_abstract"               "National Phenological Dataset"
        END  # end METADATA
    END # end LAYER
    LAYER
        NAME     left-val-20pct-2003
        TYPE     RASTER
        DUMP     TRUE
        STATUS   OFF
        DATA     /flood/MODIS/CONUS_Phenological_Parameters2/2003/07_2003_phen_season_20pct_value_left.img
        HEADER   ./templates/layer_query_header.html
        TEMPLATE ./templates/layer_query_body.html
		
        INCLUDE "cmaps/07_2003_phen_season_20pct_value_left.cmap"

        PROJECTION
			"+proj=laea"
			"+lat_0=45"
			"+lon_0=-100"
			"+x_0=0"
			"+y_0=0"
			"+a=6370997"
			"+b=6370997"
			"+units=m"
			"+no_defs"
        END
        METADATA
            "wms_title"                  "National Phenological Dataset"
            "wms_abstract"               "National Phenological Dataset"
        END  # end METADATA
    END # end LAYER
    LAYER
        NAME     right-val-20pct-2003
        TYPE     RASTER
        DUMP     TRUE
        STATUS   OFF
        DATA     /flood/MODIS/CONUS_Phenological_Parameters2/2003/08_2003_phen_season_20pct_value_right.img
        HEADER   ./templates/layer_query_header.html
        TEMPLATE ./templates/layer_query_body.html
		
        INCLUDE "cmaps/08_2003_phen_season_20pct_value_right.cmap"

        PROJECTION
			"+proj=laea"
			"+lat_0=45"
			"+lon_0=-100"
			"+x_0=0"
			"+y_0=0"
			"+a=6370997"
			"+b=6370997"
			"+units=m"
			"+no_defs"
        END
        METADATA
            "wms_title"                  "National Phenological Dataset"
            "wms_abstract"               "National Phenological Dataset"
        END  # end METADATA
    END # end LAYER
    LAYER
        NAME     left-pos-80pct-2003
        TYPE     RASTER
        DUMP     TRUE
        STATUS   OFF
        DATA     /flood/MODIS/CONUS_Phenological_Parameters2/2003/09_2003_phen_season_80pct_position_left.img
        HEADER   ./templates/layer_query_header.html
        TEMPLATE ./templates/layer_query_body.html
		
        INCLUDE "cmaps/09_2003_phen_season_80pct_position_left.cmap"

        PROJECTION
			"+proj=laea"
			"+lat_0=45"
			"+lon_0=-100"
			"+x_0=0"
			"+y_0=0"
			"+a=6370997"
			"+b=6370997"
			"+units=m"
			"+no_defs"
        END
        METADATA
            "wms_title"                  "National Phenological Dataset"
            "wms_abstract"               "National Phenological Dataset"
        END  # end METADATA
    END # end LAYER
    LAYER
        NAME     right-pos-80pct-2003
        TYPE     RASTER
        DUMP     TRUE
        STATUS   OFF
        DATA     /flood/MODIS/CONUS_Phenological_Parameters2/2003/10_2003_phen_season_80pct_position_right.img
        HEADER   ./templates/layer_query_header.html
        TEMPLATE ./templates/layer_query_body.html
		
        INCLUDE "cmaps/10_2003_phen_season_80pct_position_right.cmap"

        PROJECTION
			"+proj=laea"
			"+lat_0=45"
			"+lon_0=-100"
			"+x_0=0"
			"+y_0=0"
			"+a=6370997"
			"+b=6370997"
			"+units=m"
			"+no_defs"
        END
        METADATA
            "wms_title"                  "National Phenological Dataset"
            "wms_abstract"               "National Phenological Dataset"
        END  # end METADATA
    END # end LAYER
    LAYER
        NAME     left-val-80pct-2003
        TYPE     RASTER
        DUMP     TRUE
        STATUS   OFF
        DATA     /flood/MODIS/CONUS_Phenological_Parameters2/2003/11_2003_phen_season_80pct_value_left.img
        HEADER   ./templates/layer_query_header.html
        TEMPLATE ./templates/layer_query_body.html
		
        INCLUDE "cmaps/11_2003_phen_season_80pct_value_left.cmap"

        PROJECTION
			"+proj=laea"
			"+lat_0=45"
			"+lon_0=-100"
			"+x_0=0"
			"+y_0=0"
			"+a=6370997"
			"+b=6370997"
			"+units=m"
			"+no_defs"
        END
        METADATA
            "wms_title"                  "National Phenological Dataset"
            "wms_abstract"               "National Phenological Dataset"
        END  # end METADATA
    END # end LAYER
    LAYER
        NAME     right-val-80pct-2003
        TYPE     RASTER
        DUMP     TRUE
        STATUS   OFF
        DATA     /flood/MODIS/CONUS_Phenological_Parameters2/2003/12_2003_phen_season_80pct_value_right.img
        HEADER   ./templates/layer_query_header.html
        TEMPLATE ./templates/layer_query_body.html
		
        INCLUDE "cmaps/12_2003_phen_season_80pct_value_right.cmap"

        PROJECTION
			"+proj=laea"
			"+lat_0=45"
			"+lon_0=-100"
			"+x_0=0"
			"+y_0=0"
			"+a=6370997"
			"+b=6370997"
			"+units=m"
			"+no_defs"
        END
        METADATA
            "wms_title"                  "National Phenological Dataset"
            "wms_abstract"               "National Phenological Dataset"
        END  # end METADATA
    END # end LAYER
    LAYER
        NAME     max-ndvi-pos-2003
        TYPE     RASTER
        DUMP     TRUE
        STATUS   OFF
        DATA     /flood/MODIS/CONUS_Phenological_Parameters2/2003/02_2003_phen_max_ndvi_position.img
        HEADER   ./templates/layer_query_header.html
        TEMPLATE ./templates/layer_query_body.html
		
        INCLUDE "cmaps/02_2003_phen_max_ndvi_position.cmap"

        PROJECTION
			"+proj=laea"
			"+lat_0=45"
			"+lon_0=-100"
			"+x_0=0"
			"+y_0=0"
			"+a=6370997"
			"+b=6370997"
			"+units=m"
			"+no_defs"
        END
        METADATA
            "wms_title"                  "National Phenological Dataset"
            "wms_abstract"               "National Phenological Dataset"
        END  # end METADATA
    END # end LAYER
    LAYER
        NAME     max-ndvi-val-2003
        TYPE     RASTER
        DUMP     TRUE
        STATUS   OFF
        DATA     /flood/MODIS/CONUS_Phenological_Parameters2/2003/03_2003_phen_max_ndvi_value.img
        HEADER   ./templates/layer_query_header.html
        TEMPLATE ./templates/layer_query_body.html
		
        INCLUDE "cmaps/03_2003_phen_max_ndvi_value.cmap"

        PROJECTION
			"+proj=laea"
			"+lat_0=45"
			"+lon_0=-100"
			"+x_0=0"
			"+y_0=0"
			"+a=6370997"
			"+b=6370997"
			"+units=m"
			"+no_defs"
        END
        METADATA
            "wms_title"                  "National Phenological Dataset"
            "wms_abstract"               "National Phenological Dataset"
        END  # end METADATA
    END # end LAYER
    LAYER
        NAME     min-pos-left-2003
        TYPE     RASTER
        DUMP     TRUE
        STATUS   OFF
        DATA     /flood/MODIS/CONUS_Phenological_Parameters2/2003/13_2003_phen_season_min_position_left.img
        HEADER   ./templates/layer_query_header.html
        TEMPLATE ./templates/layer_query_body.html
		
        INCLUDE "cmaps/13_2003_phen_season_min_position_left.cmap"

        PROJECTION
			"+proj=laea"
			"+lat_0=45"
			"+lon_0=-100"
			"+x_0=0"
			"+y_0=0"
			"+a=6370997"
			"+b=6370997"
			"+units=m"
			"+no_defs"
        END
        METADATA
            "wms_title"                  "National Phenological Dataset"
            "wms_abstract"               "National Phenological Dataset"
        END  # end METADATA
    END # end LAYER
    LAYER
        NAME     min-pos-right-2003
        TYPE     RASTER
        DUMP     TRUE
        STATUS   OFF
        DATA     /flood/MODIS/CONUS_Phenological_Parameters2/2003/14_2003_phen_season_min_position_right.img
        HEADER   ./templates/layer_query_header.html
        TEMPLATE ./templates/layer_query_body.html
		
        INCLUDE "cmaps/14_2003_phen_season_min_position_right.cmap"

        PROJECTION
			"+proj=laea"
			"+lat_0=45"
			"+lon_0=-100"
			"+x_0=0"
			"+y_0=0"
			"+a=6370997"
			"+b=6370997"
			"+units=m"
			"+no_defs"
        END
        METADATA
            "wms_title"                  "National Phenological Dataset"
            "wms_abstract"               "National Phenological Dataset"
        END  # end METADATA
    END # end LAYER
    LAYER
        NAME     min-val-left-2003
        TYPE     RASTER
        DUMP     TRUE
        STATUS   OFF
        DATA     /flood/MODIS/CONUS_Phenological_Parameters2/2003/15_2003_phen_season_min_value_left.img
        HEADER   ./templates/layer_query_header.html
        TEMPLATE ./templates/layer_query_body.html
		
        INCLUDE "cmaps/15_2003_phen_season_min_value_left.cmap"

        PROJECTION
			"+proj=laea"
			"+lat_0=45"
			"+lon_0=-100"
			"+x_0=0"
			"+y_0=0"
			"+a=6370997"
			"+b=6370997"
			"+units=m"
			"+no_defs"
        END
        METADATA
            "wms_title"                  "National Phenological Dataset"
            "wms_abstract"               "National Phenological Dataset"
        END  # end METADATA
    END # end LAYER
    LAYER
        NAME     min-val-right-2003
        TYPE     RASTER
        DUMP     TRUE
        STATUS   OFF
        DATA     /flood/MODIS/CONUS_Phenological_Parameters2/2003/16_2003_phen_season_min_value_right.img
        HEADER   ./templates/layer_query_header.html
        TEMPLATE ./templates/layer_query_body.html
		
        INCLUDE "cmaps/16_2003_phen_season_min_value_right.cmap"

        PROJECTION
			"+proj=laea"
			"+lat_0=45"
			"+lon_0=-100"
			"+x_0=0"
			"+y_0=0"
			"+a=6370997"
			"+b=6370997"
			"+units=m"
			"+no_defs"
        END
        METADATA
            "wms_title"                  "National Phenological Dataset"
            "wms_abstract"               "National Phenological Dataset"
        END  # end METADATA
    END # end LAYER
    LAYER
        NAME     small-integral-2003
        TYPE     RASTER
        DUMP     TRUE
        STATUS   OFF
        DATA     /flood/MODIS/CONUS_Phenological_Parameters2/2003/17_2003_phen_small_integral.img
        HEADER   ./templates/layer_query_header.html
        TEMPLATE ./templates/layer_query_body.html
		
        INCLUDE "cmaps/17_2003_phen_small_integral.cmap"

        PROJECTION
			"+proj=laea"
			"+lat_0=45"
			"+lon_0=-100"
			"+x_0=0"
			"+y_0=0"
			"+a=6370997"
			"+b=6370997"
			"+units=m"
			"+no_defs"
        END
        METADATA
            "wms_title"                  "National Phenological Dataset"
            "wms_abstract"               "National Phenological Dataset"
        END  # end METADATA
    END # end LAYER
END #Map
