MAP
    # the following two lines tell MapServer to write debugging output to a log file.  Remove the '#' from the beginning
    # of the two lines below to enable this logging:
    # CONFIG "MS_ERRORFILE" "../logs/ewsmonthly.log"
    #DEBUG 5

    # all temp files get prefixed with this string
    NAME ms_rlayers

    # background color of image if transparency
    # is not requested
    IMAGECOLOR 255 255 255

    # default output image dimensions
    SIZE 1200 1000

    # always returns a map
    STATUS ON

    # set top level projection
    PROJECTION
     "init=epsg:4326"
    END

    # image format options
    OUTPUTFORMAT
        NAME "GEOTIFF"
        DRIVER "GDAL/GTiff"
        MIMETYPE "image/geotiff"
        IMAGEMODE "BYTE"
        EXTENSION "tif"
    END

    # minx miny maxx maxy
    # sets:
    # /WMT_MS_Capabilities/Capability/Layer/LatLonBoundingBox(@minx @miny @maxx @maxx)
    EXTENT -180 -90 180 90 # World

    # add def pointers for symbols
    SYMBOLSET "./symbols/symbols35.sym"
    FONTSET   "./fonts/fonts.list"

    #
    # Start of web interface definition
    WEB
        # this is the real filepath to the temp dir for intermediate file creation
        IMAGEPATH "./tmp"
        # this is the web-accessible path to IMAGEPATH
        IMAGEURL "/tmp/"
        HEADER "./templates/query_header.html"
        FOOTER "./templates/query_footer.html"
        METADATA
            "ows_enable_request"     "*"
            "wms_title"              "rlayers"
            "wms_abstract"           "rlayers"
            "wms_onlineresource"     "%(SERVICE_URL)s"
            "wms_srs"                "EPSG:4326 EPSG:2163 EPSG:3785"
        END
    END

    QUERYMAP
        STATUS OFF
    END

    # set defaults for GetLegendGraphic requests 
    LEGEND
      KEYSIZE 154 297
    END

    LAYER
        NAME     srtm-dem-231m
        PROJECTION
          "+proj=laea"
          "+lat_0=45"
          "+lon_0=-100"
          "+x_0=0"
          "+y_0=0"
          "+a=6370997"
          "+b=6370997"
          "+units=m"
          "+no_defs"
        END
        TYPE     RASTER
        DUMP     TRUE
        STATUS   OFF
        DATA     /flood/MODIS/CONUS_Elevation/SRTM_231m_DEM.img
        HEADER   ./templates/layer_query_header.html
        TEMPLATE ./templates/layer_query_body.html
		
		INCLUDE "cmaps/custom-dem.cmap"
        
        METADATA
            "wms_title"             "srtm-dem-231m"
            "wms_abstract"          "srtm-dem-231m"
            "gml_include_items"     "value_0"
			"gml_value_0_alias"     "DEM-Value"
        END  # end METADATA
    END # end LAYER
	LAYER
        NAME     srtm-aspect-231m
        PROJECTION
          "+proj=laea"
          "+lat_0=45"
          "+lon_0=-100"
          "+x_0=0"
          "+y_0=0"
          "+a=6370997"
          "+b=6370997"
          "+units=m"
          "+no_defs"
        END
        TYPE     RASTER
        DUMP     TRUE
        STATUS   OFF
        DATA     /flood/MODIS/CONUS_Elevation/SRTM_Aspect_231m.img
        HEADER   ./templates/layer_query_header.html
        TEMPLATE ./templates/layer_query_body.html
		
		INCLUDE "cmaps/custom-aspect.cmap"
        
        METADATA
            "wms_title"             "srtm-aspect-231m"
            "wms_abstract"          "srtm-aspect-231m"
            "gml_include_items"     "value_0"
			"gml_value_0_alias"     "Aspect-Value"
        END  # end METADATA
    END # end LAYER
	LAYER
        NAME     srtm-hillshade-231m
        INCLUDE "cmaps/hillshade_231m.cmap"
        PROJECTION
          "+proj=laea"
          "+lat_0=45"
          "+lon_0=-100"
          "+x_0=0"
          "+y_0=0"
          "+a=6370997"
          "+b=6370997"
          "+units=m"
          "+no_defs"
        END
        TYPE     RASTER
        DUMP     TRUE
        STATUS   OFF
        DATA     /flood/MODIS/CONUS_Elevation/hillshade_231m.img
        HEADER   ./templates/layer_query_header.html
        TEMPLATE ./templates/layer_query_body.html
		
		#INCLUDE
        
        METADATA
            "wms_title"             "srtm-hillshade-231m"
            "wms_abstract"          "srtm-hillshade-231m"
            "gml_include_items"     "value_0"
			"gml_value_0_alias"     "Hillshade-Value"
        END  # end METADATA
    END # end LAYER
	LAYER
        NAME     forest-group
        INCLUDE "cmaps/CONUS_FORESTGROUP.cmap"
        PROJECTION
	      "proj=aea"
	      "lat_1=29.5"
	      "lat_2=45.5"
	      "lat_0=23"
	      "lon_0=-96"
	      "x_0=0"
	      "y_0=0"
	      "ellps=GRS80"
	      "datum=NAD83"
	      "units=m"
	      "no_defs"
        END
        TYPE     RASTER
        DUMP     TRUE
        STATUS   OFF
        DATA     /flood/fsdata-internal/efetac_nasa/AncillaryData/CONUS_FORESTGROUP.img
        HEADER   ./templates/layer_query_header.html
        TEMPLATE ./templates/layer_query_body.html
        METADATA
            "wms_title"             "forestgroup"
            "wms_abstract"          "forestgroup"
            "gml_include_items"     "class"
        END  # end METADATA
    END # end LAYER
	LAYER
        NAME     forest-type
        INCLUDE "cmaps/foresttype.cmap"        
        PROJECTION
	      "proj=aea"
	      "lat_1=29.5"
	      "lat_2=45.5"
	      "lat_0=23"
	      "lon_0=-96"
	      "x_0=0"
	      "y_0=0"
	      "ellps=GRS80"
	      "datum=NAD83"
	      "units=m"
	      "no_defs"
        END
        TYPE     RASTER
        DUMP     TRUE
        STATUS   OFF
        DATA     /flood/fsdata-internal/efetac_nasa/AncillaryData/foresttype.img
        HEADER   ./templates/layer_query_header.html
        TEMPLATE ./templates/layer_query_body.html
        METADATA
            "wms_title"             "forest-type"
            "wms_abstract"          "forest-type"
            "gml_include_items"     "class"
        END  # end METADATA
    END # end LAYER
	LAYER
        NAME     forest-biomass
        INCLUDE "cmaps/custom-CONUS_FOREST_BIOMASS.cmap"
        PROJECTION
	      "proj=aea"
	      "lat_1=29.5"
	      "lat_2=45.5"
	      "lat_0=23"
	      "lon_0=-96"
	      "x_0=0"
	      "y_0=0"
	      "ellps=GRS80"
	      "datum=NAD83"
	      "units=m"
	      "no_defs"
        END
        TYPE     RASTER
        DUMP     TRUE
        STATUS   OFF
        DATA     /flood/fsdata-internal/efetac_nasa/AncillaryData/CONUS_FOREST_BIOMASS.img
        HEADER   ./templates/layer_query_header.html
        TEMPLATE ./templates/layer_query_body.html
        METADATA
            "wms_title"             "forest-biomass"
            "wms_abstract"          "forest-biomass"
            "gml_include_items"     "value_0"
			"gml_value_0_alias"     "Biomass-Value"
        END  # end METADATA
    END # end LAYER
	LAYER
        NAME     precip-1971-2000
        INCLUDE "cmaps/custom-PRECIP_1971_2000_INCHES.cmap"
        PROJECTION
	      "proj=longlat"
	      "ellps=WGS84"
	      "datum=WGS84"
	      "no_defs"
        END
        TYPE     RASTER
        DUMP     TRUE
        STATUS   OFF
        DATA     /flood/fsdata-internal/efetac_nasa/AncillaryData/PRECIP_1971_2000_INCHES.img
        HEADER   ./templates/layer_query_header.html
        TEMPLATE ./templates/layer_query_body.html
        METADATA
            "wms_title"             "precip-1971-2000"
            "wms_abstract"          "precip-1971-2000"
            "gml_include_items"     "all"
        END  # end METADATA
    END # end LAYER
	LAYER
        NAME     temp-max-1971-2000
        INCLUDE "cmaps/PRISM_TMAX_NORMAL_1970_2000.cmap"
        PROJECTION
	      "proj=longlat"
	      "ellps=WGS84"
	      "datum=WGS84"
	      "no_defs"
        END
        TYPE     RASTER
        DUMP     TRUE
        STATUS   OFF
        DATA     /flood/fsdata-internal/efetac_nasa/AncillaryData/PRISM_TMAX_NORMAL_1970_2000.img
        HEADER   ./templates/layer_query_header.html
        TEMPLATE ./templates/layer_query_body.html
        METADATA
            "wms_title"             "temp-max-1971-2000"
            "wms_abstract"          "temp-max-1971-2000"
            "gml_include_items"     "value_0"
			"gml_value_0_alias"     "MaxTemp-Value"
        END  # end METADATA
    END # end LAYER
	LAYER
        NAME     temp-min-1971-2000
        INCLUDE "cmaps/PRISM_TMIN_NORMAL_1970_2000.cmap"
        PROJECTION
	      "proj=longlat"
	      "ellps=WGS84"
	      "datum=WGS84"
	      "no_defs"
        END
        TYPE     RASTER
        DUMP     TRUE
        STATUS   OFF
        DATA     /flood/fsdata-internal/efetac_nasa/AncillaryData/PRISM_TMIN_NORMAL_1970_2000.img
        HEADER   ./templates/layer_query_header.html
        TEMPLATE ./templates/layer_query_body.html
		
		#INCLUDE
        
        METADATA
            "wms_title"             "temp-min-1971-2000"
            "wms_abstract"          "temp-min-1971-2000"
            "gml_include_items"     "value_0"
			"gml_value_0_alias"     "MinTemp-Value"
        END  # end METADATA
    END # end LAYER
	LAYER
        NAME     percent-precip-2010-0201         
        PROJECTION
          "+proj=laea"
          "+lat_0=45"
          "+lon_0=-100"
          "+x_0=0"
          "+y_0=0"
          "+a=6370997"
          "+b=6370997"
          "+units=m"
          "+no_defs"
        END
        TYPE     RASTER
        DUMP     TRUE
        STATUS   OFF
        DATA     /flood/fsdata-internal/efetac_nasa/AncillaryData/percent_precip_2010_0201.img
        HEADER   ./templates/layer_query_header.html
        TEMPLATE ./templates/layer_query_body.html
        METADATA
            "wms_title"             "percent-precip-2010-0201"
            "wms_abstract"          "percent-precip-2010-0201"   
            "gml_include_items"     "value_0"	
            "gml_value_0_alias"     "Percent-Precip"			
        END  # end METADATA
    END # end LAYER
	LAYER
        NAME     percent-precip-2010-0301         
        PROJECTION
          "+proj=laea"
          "+lat_0=45"
          "+lon_0=-100"
          "+x_0=0"
          "+y_0=0"
          "+a=6370997"
          "+b=6370997"
          "+units=m"
          "+no_defs"
        END
        TYPE     RASTER
        DUMP     TRUE
        STATUS   OFF
        DATA     /flood/fsdata-internal/efetac_nasa/AncillaryData/percent_precip_2010_0301.img
        HEADER   ./templates/layer_query_header.html
        TEMPLATE ./templates/layer_query_body.html
        METADATA
            "wms_title"             "percent-precip-2010-0301"
            "wms_abstract"          "percent-precip-2010-0301"   
            "gml_include_items"     "value_0"	
            "gml_value_0_alias"     "Percent-Precip"			
        END  # end METADATA
    END # end LAYER
	LAYER
        NAME     percent-precip-2010-0401         
        PROJECTION
          "+proj=laea"
          "+lat_0=45"
          "+lon_0=-100"
          "+x_0=0"
          "+y_0=0"
          "+a=6370997"
          "+b=6370997"
          "+units=m"
          "+no_defs"
        END
        TYPE     RASTER
        DUMP     TRUE
        STATUS   OFF
        DATA     /flood/fsdata-internal/efetac_nasa/AncillaryData/percent_precip_2010_0401.img
        HEADER   ./templates/layer_query_header.html
        TEMPLATE ./templates/layer_query_body.html
        METADATA
            "wms_title"             "percent-precip-2010-0401"
            "wms_abstract"          "percent-precip-2010-0401"   
            "gml_include_items"     "value_0"	
            "gml_value_0_alias"     "Percent-Precip"			
        END  # end METADATA
    END # end LAYER
	LAYER
        NAME     percent-precip-2010-0501         
        PROJECTION
          "+proj=laea"
          "+lat_0=45"
          "+lon_0=-100"
          "+x_0=0"
          "+y_0=0"
          "+a=6370997"
          "+b=6370997"
          "+units=m"
          "+no_defs"
        END
        TYPE     RASTER
        DUMP     TRUE
        STATUS   OFF
        DATA     /flood/fsdata-internal/efetac_nasa/AncillaryData/percent_precip_2010_0501.img
        HEADER   ./templates/layer_query_header.html
        TEMPLATE ./templates/layer_query_body.html
        METADATA
            "wms_title"             "percent-precip-2010-0501"
            "wms_abstract"          "percent-precip-2010-0501"   
            "gml_include_items"     "value_0"	
            "gml_value_0_alias"     "Percent-Precip"			
        END  # end METADATA
    END # end LAYER
	LAYER
        NAME     percent-precip-2010-0601         
        PROJECTION
          "+proj=laea"
          "+lat_0=45"
          "+lon_0=-100"
          "+x_0=0"
          "+y_0=0"
          "+a=6370997"
          "+b=6370997"
          "+units=m"
          "+no_defs"
        END
        TYPE     RASTER
        DUMP     TRUE
        STATUS   OFF
        DATA     /flood/fsdata-internal/efetac_nasa/AncillaryData/percent_precip_2010_0601.img
        HEADER   ./templates/layer_query_header.html
        TEMPLATE ./templates/layer_query_body.html
        METADATA
            "wms_title"             "percent-precip-2010-0601"
            "wms_abstract"          "percent-precip-2010-0601"   
            "gml_include_items"     "value_0"	
            "gml_value_0_alias"     "Percent-Precip"			
        END  # end METADATA
    END # end LAYER
	LAYER
        NAME     percent-precip-2010-0701         
        PROJECTION
          "+proj=laea"
          "+lat_0=45"
          "+lon_0=-100"
          "+x_0=0"
          "+y_0=0"
          "+a=6370997"
          "+b=6370997"
          "+units=m"
          "+no_defs"
        END
        TYPE     RASTER
        DUMP     TRUE
        STATUS   OFF
        DATA     /flood/fsdata-internal/efetac_nasa/AncillaryData/percent_precip_2010_0701.img
        HEADER   ./templates/layer_query_header.html
        TEMPLATE ./templates/layer_query_body.html
        METADATA
            "wms_title"             "percent-precip-2010-0701"
            "wms_abstract"          "percent-precip-2010-0701"   
            "gml_include_items"     "value_0"
            "gml_value_0_alias"     "Percent-Precip"			
        END  # end METADATA
    END # end LAYER
	LAYER
        NAME     percent-precip-2010-0801         
        PROJECTION
          "+proj=laea"
          "+lat_0=45"
          "+lon_0=-100"
          "+x_0=0"
          "+y_0=0"
          "+a=6370997"
          "+b=6370997"
          "+units=m"
          "+no_defs"
        END
        TYPE     RASTER
        DUMP     TRUE
        STATUS   OFF
        DATA     /flood/fsdata-internal/efetac_nasa/AncillaryData/percent_precip_2010_0801.img
        HEADER   ./templates/layer_query_header.html
        TEMPLATE ./templates/layer_query_body.html
        METADATA
            "wms_title"             "percent-precip-2010-0801"
            "wms_abstract"          "percent-precip-2010-0801"   
            "gml_include_items"     "value_0"
            "gml_value_0_alias"     "Percent-Precip"			
        END  # end METADATA
    END # end LAYER
	LAYER
        NAME     percent-precip-2010-0901         
        PROJECTION
          "+proj=laea"
          "+lat_0=45"
          "+lon_0=-100"
          "+x_0=0"
          "+y_0=0"
          "+a=6370997"
          "+b=6370997"
          "+units=m"
          "+no_defs"
        END
        TYPE     RASTER
        DUMP     TRUE
        STATUS   OFF
        DATA     /flood/fsdata-internal/efetac_nasa/AncillaryData/percent_precip_2010_0901.img
        HEADER   ./templates/layer_query_header.html
        TEMPLATE ./templates/layer_query_body.html
        METADATA
            "wms_title"             "percent-precip-2010-0901"
            "wms_abstract"          "percent-precip-2010-0901"   
            "gml_include_items"     "value_0"
            "gml_value_0_alias"     "Percent-Precip"			
        END  # end METADATA
    END # end LAYER
	LAYER
        NAME     percent-precip-2010-1001         
        PROJECTION
          "+proj=laea"
          "+lat_0=45"
          "+lon_0=-100"
          "+x_0=0"
          "+y_0=0"
          "+a=6370997"
          "+b=6370997"
          "+units=m"
          "+no_defs"
        END
        TYPE     RASTER
        DUMP     TRUE
        STATUS   OFF
        DATA     /flood/fsdata-internal/efetac_nasa/AncillaryData/percent_precip_2010_1001.img
        HEADER   ./templates/layer_query_header.html
        TEMPLATE ./templates/layer_query_body.html
        METADATA
            "wms_title"             "percent-precip-2010-1001"
            "wms_abstract"          "percent-precip-2010-1001"   
            "gml_include_items"     "value_0"
            "gml_value_0_alias"     "Percent-Precip"			
        END  # end METADATA
    END # end LAYER
	LAYER
        NAME     percent-precip-2010-1101         
        PROJECTION
          "+proj=laea"
          "+lat_0=45"
          "+lon_0=-100"
          "+x_0=0"
          "+y_0=0"
          "+a=6370997"
          "+b=6370997"
          "+units=m"
          "+no_defs"
        END
        TYPE     RASTER
        DUMP     TRUE
        STATUS   OFF
        DATA     /flood/fsdata-internal/efetac_nasa/AncillaryData/percent_precip_2010_1101.img
        HEADER   ./templates/layer_query_header.html
        TEMPLATE ./templates/layer_query_body.html
        METADATA
            "wms_title"             "percent-precip-2010-1101"
            "wms_abstract"          "percent-precip-2010-1101"   
            "gml_include_items"     "value_0"
            "gml_value_0_alias"     "Percent-Precip"			
        END  # end METADATA
    END # end LAYER
	LAYER
        NAME     percent-precip-2010-1201         
        PROJECTION
          "+proj=laea"
          "+lat_0=45"
          "+lon_0=-100"
          "+x_0=0"
          "+y_0=0"
          "+a=6370997"
          "+b=6370997"
          "+units=m"
          "+no_defs"
        END
        TYPE     RASTER
        DUMP     TRUE
        STATUS   OFF
        DATA     /flood/fsdata-internal/efetac_nasa/AncillaryData/percent_precip_2010_1201.img
        HEADER   ./templates/layer_query_header.html
        TEMPLATE ./templates/layer_query_body.html
        METADATA
            "wms_title"             "percent-precip-2010-1201"
            "wms_abstract"          "percent-precip-2010-1201"   
            "gml_include_items"     "value_0"
            "gml_value_0_alias"     "Percent-Precip"			
        END  # end METADATA
    END # end LAYER
	LAYER
        NAME     percent-precip-2011-0101         
        PROJECTION
          "+proj=laea"
          "+lat_0=45"
          "+lon_0=-100"
          "+x_0=0"
          "+y_0=0"
          "+a=6370997"
          "+b=6370997"
          "+units=m"
          "+no_defs"
        END
        TYPE     RASTER
        DUMP     TRUE
        STATUS   OFF
        DATA     /flood/fsdata-internal/efetac_nasa/AncillaryData/percent_precip_2011_0101.img
        HEADER   ./templates/layer_query_header.html
        TEMPLATE ./templates/layer_query_body.html
        METADATA
            "wms_title"             "percent-precip-2011-0101"
            "wms_abstract"          "percent-precip-2011-0101"   
            "gml_include_items"     "value_0"	
            "gml_value_0_alias"     "Percent-Precip"			
        END  # end METADATA
    END # end LAYER
	LAYER
        NAME     percent-precip-2011-0201         
        PROJECTION
          "+proj=laea"
          "+lat_0=45"
          "+lon_0=-100"
          "+x_0=0"
          "+y_0=0"
          "+a=6370997"
          "+b=6370997"
          "+units=m"
          "+no_defs"
        END
        TYPE     RASTER
        DUMP     TRUE
        STATUS   OFF
        DATA     /flood/fsdata-internal/efetac_nasa/AncillaryData/percent_precip_2011_0201.img
        HEADER   ./templates/layer_query_header.html
        TEMPLATE ./templates/layer_query_body.html
        METADATA
            "wms_title"             "percent-precip-2011-0201"
            "wms_abstract"          "percent-precip-2011-0201"   
            "gml_include_items"     "value_0"	
            "gml_value_0_alias"     "Percent-Precip"			
        END  # end METADATA
    END # end LAYER
	LAYER
        NAME     percent-precip-2011-0301         
        PROJECTION
          "+proj=laea"
          "+lat_0=45"
          "+lon_0=-100"
          "+x_0=0"
          "+y_0=0"
          "+a=6370997"
          "+b=6370997"
          "+units=m"
          "+no_defs"
        END
        TYPE     RASTER
        DUMP     TRUE
        STATUS   OFF
        DATA     /flood/fsdata-internal/efetac_nasa/AncillaryData/percent_precip_2011_0301.img
        HEADER   ./templates/layer_query_header.html
        TEMPLATE ./templates/layer_query_body.html
        METADATA
            "wms_title"             "percent-precip-2011-0301"
            "wms_abstract"          "percent-precip-2011-0301"   
            "gml_include_items"     "value_0"
            "gml_value_0_alias"     "Percent-Precip"			
        END  # end METADATA
    END # end LAYER
	LAYER
        NAME     percent-precip-2011-0401         
        PROJECTION
          "+proj=laea"
          "+lat_0=45"
          "+lon_0=-100"
          "+x_0=0"
          "+y_0=0"
          "+a=6370997"
          "+b=6370997"
          "+units=m"
          "+no_defs"
        END
        TYPE     RASTER
        DUMP     TRUE
        STATUS   OFF
        DATA     /flood/fsdata-internal/efetac_nasa/AncillaryData/percent_precip_2011_0401.img
        HEADER   ./templates/layer_query_header.html
        TEMPLATE ./templates/layer_query_body.html
        METADATA
            "wms_title"             "percent-precip-2011-0401"
            "wms_abstract"          "percent-precip-2011-0401"   
            "gml_include_items"     "value_0"	
            "gml_value_0_alias"     "Percent-Precip"			
        END  # end METADATA
    END # end LAYER
	LAYER
        NAME     percent-precip-2011-0501         
        PROJECTION
          "+proj=laea"
          "+lat_0=45"
          "+lon_0=-100"
          "+x_0=0"
          "+y_0=0"
          "+a=6370997"
          "+b=6370997"
          "+units=m"
          "+no_defs"
        END
        TYPE     RASTER
        DUMP     TRUE
        STATUS   OFF
        DATA     /flood/fsdata-internal/efetac_nasa/AncillaryData/percent_precip_2011_0501.img
        HEADER   ./templates/layer_query_header.html
        TEMPLATE ./templates/layer_query_body.html
        METADATA
            "wms_title"             "percent-precip-2011-0501"
            "wms_abstract"          "percent-precip-2011-0501"   
            "gml_include_items"     "value_0"
            "gml_value_0_alias"     "Percent-Precip"			
        END  # end METADATA
    END # end LAYER
	LAYER
        NAME     percent-precip-2011-0601         
        PROJECTION
          "+proj=laea"
          "+lat_0=45"
          "+lon_0=-100"
          "+x_0=0"
          "+y_0=0"
          "+a=6370997"
          "+b=6370997"
          "+units=m"
          "+no_defs"
        END
        TYPE     RASTER
        DUMP     TRUE
        STATUS   OFF
        DATA     /flood/fsdata-internal/efetac_nasa/AncillaryData/percent_precip_2011_0601.img
        HEADER   ./templates/layer_query_header.html
        TEMPLATE ./templates/layer_query_body.html
        METADATA
            "wms_title"             "percent-precip-2011-0601"
            "wms_abstract"          "percent-precip-2011-0601"   
            "gml_include_items"     "value_0"
            "gml_value_0_alias"     "Percent-Precip"			
        END  # end METADATA
    END # end LAYER
	LAYER
        NAME     percent-precip-2011-0701         
        PROJECTION
          "+proj=laea"
          "+lat_0=45"
          "+lon_0=-100"
          "+x_0=0"
          "+y_0=0"
          "+a=6370997"
          "+b=6370997"
          "+units=m"
          "+no_defs"
        END
        TYPE     RASTER
        DUMP     TRUE
        STATUS   OFF
        DATA     /flood/fsdata-internal/efetac_nasa/AncillaryData/percent_precip_2011_0701.img
        HEADER   ./templates/layer_query_header.html
        TEMPLATE ./templates/layer_query_body.html
        METADATA
            "wms_title"             "percent-precip-2011-0701"
            "wms_abstract"          "percent-precip-2011-0701"   
            "gml_include_items"     "value_0"
            "gml_value_0_alias"     "Percent-Precip"			
        END  # end METADATA
    END # end LAYER
	LAYER
        NAME     percent-precip-2011-0801         
        PROJECTION
          "+proj=laea"
          "+lat_0=45"
          "+lon_0=-100"
          "+x_0=0"
          "+y_0=0"
          "+a=6370997"
          "+b=6370997"
          "+units=m"
          "+no_defs"
        END
        TYPE     RASTER
        DUMP     TRUE
        STATUS   OFF
        DATA     /flood/fsdata-internal/efetac_nasa/AncillaryData/percent_precip_2011_0801.img
        HEADER   ./templates/layer_query_header.html
        TEMPLATE ./templates/layer_query_body.html
        METADATA
            "wms_title"             "percent-precip-2011-0801"
            "wms_abstract"          "percent-precip-2011-0801"   
            "gml_include_items"     "value_0"
            "gml_value_0_alias"     "Percent-Precip"			
        END  # end METADATA
    END # end LAYER
	LAYER
        NAME     percent-precip-2011-0901         
        PROJECTION
          "+proj=laea"
          "+lat_0=45"
          "+lon_0=-100"
          "+x_0=0"
          "+y_0=0"
          "+a=6370997"
          "+b=6370997"
          "+units=m"
          "+no_defs"
        END
        TYPE     RASTER
        DUMP     TRUE
        STATUS   OFF
        DATA     /flood/fsdata-internal/efetac_nasa/AncillaryData/percent_precip_2011_0901.img
        HEADER   ./templates/layer_query_header.html
        TEMPLATE ./templates/layer_query_body.html
        METADATA
            "wms_title"             "percent-precip-2011-0901"
            "wms_abstract"          "percent-precip-2011-0901"   
            "gml_include_items"     "value_0"
            "gml_value_0_alias"     "Percent-Precip"			
        END  # end METADATA
    END # end LAYER
	LAYER
        NAME     percent-precip-2011-1001         
        PROJECTION
          "+proj=laea"
          "+lat_0=45"
          "+lon_0=-100"
          "+x_0=0"
          "+y_0=0"
          "+a=6370997"
          "+b=6370997"
          "+units=m"
          "+no_defs"
        END
        TYPE     RASTER
        DUMP     TRUE
        STATUS   OFF
        DATA     /flood/fsdata-internal/efetac_nasa/AncillaryData/percent_precip_2011_1001.img
        HEADER   ./templates/layer_query_header.html
        TEMPLATE ./templates/layer_query_body.html
        METADATA
            "wms_title"             "percent-precip-2011-1001"
            "wms_abstract"          "percent-precip-2011-1001"   
            "gml_include_items"     "value_0"
            "gml_value_0_alias"     "Percent-Precip"			
        END  # end METADATA
    END # end LAYER
	LAYER
        NAME     percent-precip-2011-1101         
        PROJECTION
          "+proj=laea"
          "+lat_0=45"
          "+lon_0=-100"
          "+x_0=0"
          "+y_0=0"
          "+a=6370997"
          "+b=6370997"
          "+units=m"
          "+no_defs"
        END
        TYPE     RASTER
        DUMP     TRUE
        STATUS   OFF
        DATA     /flood/fsdata-internal/efetac_nasa/AncillaryData/percent_precip_2011_1101.img
        HEADER   ./templates/layer_query_header.html
        TEMPLATE ./templates/layer_query_body.html
        METADATA
            "wms_title"             "percent-precip-2011-1101"
            "wms_abstract"          "percent-precip-2011-1101"   
            "gml_include_items"     "value_0"
            "gml_value_0_alias"     "Percent-Precip"			
        END  # end METADATA
    END # end LAYER
	LAYER
        NAME     percent-precip-2011-1201         
        PROJECTION
          "+proj=laea"
          "+lat_0=45"
          "+lon_0=-100"
          "+x_0=0"
          "+y_0=0"
          "+a=6370997"
          "+b=6370997"
          "+units=m"
          "+no_defs"
        END
        TYPE     RASTER
        DUMP     TRUE
        STATUS   OFF
        DATA     /flood/fsdata-internal/efetac_nasa/AncillaryData/percent_precip_2011_1201.img
        HEADER   ./templates/layer_query_header.html
        TEMPLATE ./templates/layer_query_body.html
        METADATA
            "wms_title"             "percent-precip-2011-1201"
            "wms_abstract"          "percent-precip-2011-1201"   
            "gml_include_items"     "value_0"
            "gml_value_0_alias"     "Percent-Precip"			
        END  # end METADATA
    END # end LAYER
	LAYER
        NAME     percent-precip-2012-0101         
        PROJECTION
          "+proj=laea"
          "+lat_0=45"
          "+lon_0=-100"
          "+x_0=0"
          "+y_0=0"
          "+a=6370997"
          "+b=6370997"
          "+units=m"
          "+no_defs"
        END
        TYPE     RASTER
        DUMP     TRUE
        STATUS   OFF
        DATA     /flood/fsdata-internal/efetac_nasa/AncillaryData/percent_precip_2012_0101.img
        HEADER   ./templates/layer_query_header.html
        TEMPLATE ./templates/layer_query_body.html
        METADATA
            "wms_title"             "percent-precip-2012-0101"
            "wms_abstract"          "percent-precip-2012-0101"   
            "gml_include_items"     "value_0"	
            "gml_value_0_alias"     "Percent-Precip"			
        END  # end METADATA
    END # end LAYER
	LAYER
        NAME     percent-precip-2012-0201         
        PROJECTION
          "+proj=laea"
          "+lat_0=45"
          "+lon_0=-100"
          "+x_0=0"
          "+y_0=0"
          "+a=6370997"
          "+b=6370997"
          "+units=m"
          "+no_defs"
        END
        TYPE     RASTER
        DUMP     TRUE
        STATUS   OFF
        DATA     /flood/fsdata-internal/efetac_nasa/AncillaryData/percent_precip_2012_0201.img
        HEADER   ./templates/layer_query_header.html
        TEMPLATE ./templates/layer_query_body.html
        METADATA
            "wms_title"             "percent-precip-2012-0201"
            "wms_abstract"          "percent-precip-2012-0201"   
            "gml_include_items"     "value_0"
            "gml_value_0_alias"     "Percent-Precip"			
        END  # end METADATA
    END # end LAYER
	LAYER
        NAME     conus-federal-lands         
        PROJECTION
          "+proj=laea"
          "+lat_0=45"
          "+lon_0=-100"
          "+x_0=0"
          "+y_0=0"
          "+a=6370997"
          "+b=6370997"
          "+units=m"
          "+no_defs"
        END
        TYPE     RASTER
        DUMP     TRUE
        STATUS   OFF
        DATA     /flood/fsdata-internal/efetac_nasa/AncillaryData/conus_federal_lands_laea_231p66m_us4b.img
        HEADER   ./templates/layer_query_header.html
        TEMPLATE ./templates/layer_query_body.html
        METADATA
            "wms_title"             "CONUS Federal Lands"
            "wms_abstract"          "CONUS Federal Lands"   
            "gml_include_items"     "all"			
        END  # end METADATA
    END # end LAYER
	LAYER
        NAME     nlcd-2006         
        PROJECTION
          "+proj=laea"
          "+lat_0=45"
          "+lon_0=-100"
          "+x_0=0"
          "+y_0=0"
          "+a=6370997"
          "+b=6370997"
          "+units=m"
          "+no_defs"
        END
        TYPE     RASTER
        DUMP     TRUE
        STATUS   OFF
        DATA     /flood/fsdata-internal/efetac_nasa/AncillaryData/nlcd2006_landcover_4-20-11_se5_decimated_to_231p66m_laea.img
        HEADER   ./templates/layer_query_header.html
        TEMPLATE ./templates/layer_query_body.html
        METADATA
            "wms_title"             "NLCD 2006"
            "wms_abstract"          "NLCD 2006"   
            "gml_include_items"     "all"			
        END  # end METADATA
    END # end LAYER
END